ï¿½0ï¿½ï¿½:   ï¿½ets Jul 29 2019 12:21:46

rst:0x1 (POWERON_RESET),boot:0x17 (SPI_FAST_FLASH_BOOT)
configsip: 0, SPIWP:0xee
clk_drv:0x00,q_drv:0x00,d_drv:0x00,cs0_drv:0x00,hd_drv:0x00,wp_drv:0x00
mode:DIO, clock div:2
load:0x3fff0030,len:6584
load:0x40078000,len:16116
load:0x40080400,len:4
load:0x40080404,len:4708
entry 0x400806a8
[0;32mI (29) boot: ESP-IDF v5.4-dirty 2nd stage bootloader[0m
[0;32mI (29) boot: compile time Apr 13 2025 21:09:55[0m
[0;32mI (29) boot: Multicore bootloader[0m
[0;32mI (31) boot: chip revision: v3.1[0m
[0;32mI (34) boot.esp32: SPI Speed      : 40MHz[0m
[0;32mI (38) boot.esp32: SPI Mode       : DIO[0m
[0;32mI (41) boot.esp32: SPI Flash Size : 4MB[0m
[0;32mI (45) boot: Enabling RNG early entropy source...[0m
[0;32mI (49) boot: Partition Table:[0m
[0;32mI (52) boot: ## Label            Usage          Type ST Offset   Length[0m
[0;32mI (58) boot:  0 nvs              WiFi data        01 02 00009000 00006000[0m
[0;32mI (65) boot:  1 phy_init         RF data          01 01 0000f000 00001000[0m
[0;32mI (71) boot:  2 factory          factory app      00 00 00010000 00100000[0m
[0;32mI (78) boot:  3 ota_0            OTA app          00 10 00110000 00100000[0m
[0;32mI (84) boot:  4 ota_1            OTA app          00 11 00210000 00100000[0m
[0;32mI (91) boot:  5 otadata          OTA data         01 00 00310000 00002000[0m
[0;32mI (97) boot:  6 spiffs           Unknown data     01 82 00312000 00050000[0m
[0;32mI (104) boot: End of partition table[0m
[0;32mI (107) boot: Defaulting to factory image[0m
[0;32mI (111) esp_image: segment 0: paddr=00010020 vaddr=3f400020 size=122e4h ( 74468) map[0m
[0;32mI (144) esp_image: segment 1: paddr=0002230c vaddr=3ff80000 size=0001ch (    28) load[0m
[0;32mI (144) esp_image: segment 2: paddr=00022330 vaddr=3ffbdb60 size=04d60h ( 19808) load[0m
[0;32mI (155) esp_image: segment 3: paddr=00027098 vaddr=40080000 size=08f80h ( 36736) load[0m
[0;32mI (170) esp_image: segment 4: paddr=00030020 vaddr=400d0020 size=5b28ch (373388) map[0m
[0;32mI (297) esp_image: segment 5: paddr=0008b2b4 vaddr=40088f80 size=0eb0ch ( 60172) load[0m
[0;32mI (333) boot: Loaded app from partition at offset 0x10000[0m
[0;32mI (333) boot: Disabling RNG early entropy source...[0m
[0;32mI (343) cpu_start: Multicore app[0m
[0;32mI (352) cpu_start: Pro cpu start user code[0m
[0;32mI (352) cpu_start: cpu freq: 160000000 Hz[0m
[0;32mI (352) app_init: Application information:[0m
[0;32mI (352) app_init: Project name:     nimble_gatt_server[0m
[0;32mI (356) app_init: App version:      1[0m
[0;32mI (360) app_init: Compile time:     Apr 13 2025 21:09:56[0m
[0;32mI (365) app_init: ELF file SHA256:  67c12cc83...[0m
[0;32mI (369) app_init: ESP-IDF:          v5.4-dirty[0m
[0;32mI (373) efuse_init: Min chip rev:     v0.0[0m
[0;32mI (377) efuse_init: Max chip rev:     v3.99 [0m
[0;32mI (381) efuse_init: Chip rev:         v3.1[0m
[0;32mI (385) heap_init: Initializing. RAM available for dynamic allocation:[0m
[0;32mI (392) heap_init: At 3FFAFF10 len 000000F0 (0 KiB): DRAM[0m
[0;32mI (396) heap_init: At 3FFB6388 len 00001C78 (7 KiB): DRAM[0m
[0;32mI (402) heap_init: At 3FFB9A20 len 00004108 (16 KiB): DRAM[0m
[0;32mI (407) heap_init: At 3FFC5968 len 0001A698 (105 KiB): DRAM[0m
[0;32mI (412) heap_init: At 3FFE0440 len 00003AE0 (14 KiB): D/IRAM[0m
[0;32mI (417) heap_init: At 3FFE4350 len 0001BCB0 (111 KiB): D/IRAM[0m
[0;32mI (423) heap_init: At 40097A8C len 00008574 (33 KiB): IRAM[0m
[0;32mI (430) spi_flash: detected chip: generic[0m
[0;32mI (432) spi_flash: flash io: dio[0m
[0;32mI (436) coexist: coex firmware version: 49a8cdc[0m
[0;32mI (440) main_task: Started on CPU0[0m
[0;32mI (450) main_task: Calling app_main()[0m
[0;32mI (450) NimBLE_GATT_Server: example configured to blink gpio led![0m
[0;32mI (450) gpio: GPIO[13]| InputEn: 0| OutputEn: 0| OpenDrain: 0| Pullup: 1| Pulldown: 0| Intr:0 [0m
[0;32mI (480) NimBLE_GATT_Server: SPIFFS mounted. Total: 293921 bytes, Used: 251 bytes[0m
[0;32mI (480) NimBLE_GATT_Server: Ensured upload.txt exists[0m
[0;32mI (490) BTDM_INIT: BT controller compile version [20b459d][0m
[0;32mI (490) BTDM_INIT: Bluetooth MAC: 14:2b:2f:da:dc:5e[0m
[0;32mI (500) phy_init: phy_version 4840,02e0d70,Sep  2 2024,19:39:07[0m
[0;33mW (500) phy_init: failed to load RF calibration data (0x1102), falling back to full calibration[0m
[0;33mW (580) phy_init: saving new calibration data because of checksum failure, mode(2)[0m
[0;32mI (830) NimBLE_GATT_Server: nimble host task has been started![0m
[0;32mI (830) main_task: Returned from app_main()[0m
[0;32mI (850) NimBLE_GATT_Server: device address: 5E:DC:DA:2F:2B:14[0m
[0;32mI (860) NimBLE: GAP procedure initiated: advertise; [0m
[0;32mI (860) NimBLE: disc_mode=2[0m
[0;32mI (860) NimBLE:  adv_channel_map=0 own_addr_type=0 adv_filter_policy=0 adv_itvl_min=800 adv_itvl_max=816[0m
[0;32mI (870) NimBLE: [0m

[0;32mI (870) NimBLE_GATT_Server: advertising started![0m
