ets Jul 29 2019 12:21:46

rst:0x1 (POWERON_RESET),boot:0x13 (SPI_FAST_FLASH_BOOT)
configsip: 0, SPIWP:0xee
clk_drv:0x00,q_drv:0x00,d_drv:0x00,cs0_drv:0x00,hd_drv:0x00,wp_drv:0x00
mode:DIO, clock div:2
load:0x3fff0030,len:6584
load:0x40078000,len:16116
load:0x40080400,len:4
load:0x40080404,len:4708
entry 0x400806a8
[0;32mI (29) boot: ESP-IDF v5.4-dirty 2nd stage bootloader[0m
[0;32mI (29) boot: compile time Apr 13 2025 20:11:59[0m
[0;32mI (29) boot: Multicore bootloader[0m
[0;32mI (31) boot: chip revision: v3.1[0m
[0;32mI (34) boot.esp32: SPI Speed      : 40MHz[0m
[0;32mI (38) boot.esp32: SPI Mode       : DIO[0m
[0;32mI (41) boot.esp32: SPI Flash Size : 4MB[0m
[0;32mI (45) boot: Enabling RNG early entropy source...[0m
[0;32mI (49) boot: Partition Table:[0m
[0;32mI (52) boot: ## Label            Usage          Type ST Offset   Length[0m
[0;32mI (58) boot:  0 nvs              WiFi data        01 02 00009000 00006000[0m
[0;32mI (65) boot:  1 phy_init         RF data          01 01 0000f000 00001000[0m
[0;32mI (71) boot:  2 factory          factory app      00 00 00010000 00100000[0m
[0;32mI (78) boot:  3 ota_0            OTA app          00 10 00110000 00100000[0m
[0;32mI (84) boot:  4 ota_1            OTA app          00 11 00210000 00100000[0m
[0;32mI (91) boot:  5 otadata          OTA data         01 00 00310000 00002000[0m
[0;32mI (97) boot:  6 spiffs           Unknown data     01 82 00312000 00050000[0m
[0;32mI (104) boot: End of partition table[0m
[0;32mI (107) boot: Defaulting to factory image[0m
[0;32mI (5111) boot: Detect a condition of the factory reset[0m
[0;32mI (5111) boot: Data partitions to erase: nvs[0m
[0;32mI (5111) boot_comm: ## Label            Usage Offset   Length   Cleaned[0m
[0;32mI (5209) boot_comm:  0 nvs              data  00009000 00006000 [yes][0m
[0;32mI (5209) boot_comm:  1 phy_init         data  0000f000 00001000 [no][0m
[0;32mI (5210) boot_comm:  5 otadata          data  00310000 00002000 [no][0m
[0;32mI (5216) boot_comm:  6 spiffs           data  00312000 00050000 [no][0m
[0;32mI (5222) boot: Defaulting to factory image[0m
[0;32mI (5226) esp_image: segment 0: paddr=00010020 vaddr=3f400020 size=123c4h ( 74692) map[0m
[0;32mI (5259) esp_image: segment 1: paddr=000223ec vaddr=3ff80000 size=0001ch (    28) load[0m
[0;32mI (5259) esp_image: segment 2: paddr=00022410 vaddr=3ffbdb60 size=04d60h ( 19808) load[0m
[0;32mI (5271) esp_image: segment 3: paddr=00027178 vaddr=40080000 size=08ea0h ( 36512) load[0m
[0;32mI (5285) esp_image: segment 4: paddr=00030020 vaddr=400d0020 size=5b4e0h (373984) map[0m
[0;32mI (5413) esp_image: segment 5: paddr=0008b508 vaddr=40088ea0 size=0ebech ( 60396) load[0m
[0;32mI (5448) boot: Loaded app from partition at offset 0x10000[0m
[0;32mI (5448) boot: Disabling RNG early entropy source...[0m
[0;32mI (5459) cpu_start: Multicore app[0m
[0;32mI (5467) cpu_start: Pro cpu start user code[0m
[0;32mI (5467) cpu_start: cpu freq: 160000000 Hz[0m
[0;32mI (5468) app_init: Application information:[0m
[0;32mI (5468) app_init: Project name:     nimble_gatt_server[0m
[0;32mI (5473) app_init: App version:      1[0m
[0;32mI (5476) app_init: Compile time:     Apr 13 2025 20:12:01[0m
[0;32mI (5481) app_init: ELF file SHA256:  03b413751...[0m
[0;32mI (5486) app_init: ESP-IDF:          v5.4-dirty[0m
[0;32mI (5490) efuse_init: Min chip rev:     v0.0[0m
[0;32mI (5494) efuse_init: Max chip rev:     v3.99 [0m
[0;32mI (5498) efuse_init: Chip rev:         v3.1[0m
[0;32mI (5502) heap_init: Initializing. RAM available for dynamic allocation:[0m
[0;32mI (5508) heap_init: At 3FFAFF10 len 000000F0 (0 KiB): DRAM[0m
[0;32mI (5514) heap_init: At 3FFB6388 len 00001C78 (7 KiB): DRAM[0m
[0;32mI (5519) heap_init: At 3FFB9A20 len 00004108 (16 KiB): DRAM[0m
[0;32mI (5524) heap_init: At 3FFC5968 len 0001A698 (105 KiB): DRAM[0m
[0;32mI (5529) heap_init: At 3FFE0440 len 00003AE0 (14 KiB): D/IRAM[0m
[0;32mI (5535) heap_init: At 3FFE4350 len 0001BCB0 (111 KiB): D/IRAM[0m
[0;32mI (5540) heap_init: At 40097A8C len 00008574 (33 KiB): IRAM[0m
[0;32mI (5547) spi_flash: detected chip: generic[0m
[0;32mI (5550) spi_flash: flash io: dio[0m
[0;32mI (5554) coexist: coex firmware version: 49a8cdc[0m
[0;32mI (5558) main_task: Started on CPU0[0m
[0;32mI (5568) main_task: Calling app_main()[0m
[0;32mI (5568) NimBLE_GATT_Server: example configured to blink gpio led![0m
[0;32mI (5568) gpio: GPIO[13]| InputEn: 0| OutputEn: 0| OpenDrain: 0| Pullup: 1| Pulldown: 0| Intr:0 [0m
[0;32mI (5598) NimBLE_GATT_Server: SPIFFS mounted. Total: 293921 bytes, Used: 251 bytes[0m
[0;32mI (5598) NimBLE_GATT_Server: Ensured upload.txt exists[0m
[0;32mI (5608) BTDM_INIT: BT controller compile version [20b459d][0m
[0;32mI (5608) BTDM_INIT: Bluetooth MAC: 14:2b:2f:da:dc:5e[0m
[0;32mI (5618) phy_init: phy_version 4840,02e0d70,Sep  2 2024,19:39:07[0m
[0;33mW (5618) phy_init: failed to load RF calibration data (0x1102), falling back to full calibration[0m
[0;33mW (5688) phy_init: saving new calibration data because of checksum failure, mode(2)[0m

Success!
Guru Meditation Error: Core  0 panic'ed (LoadProhibited). Exception was unhandled.

Core  0 register dump:
PC      : 0x400efe51  PS      : 0x00060030  A0      : 0x800f034a  A1      : 0x3ffcca80  
A2      : 0x9078d326  A3      : 0x00000000  A4      : 0x00000000  A5      : 0x3ffccbd0  
A6      : 0x3ffc5968  A7      : 0x3ffb6708  A8      : 0x800f0b10  A9      : 0x3ffcca40  
A10     : 0x00000000  A11     : 0x3ffccb68  A12     : 0x00000020  A13     : 0x3ffccdf4  
A14     : 0x3f420000  A15     : 0x00030a90  SAR     : 0x0000001c  EXCCAUSE: 0x0000001c  
EXCVADDR: 0x9078d332  LBEG    : 0x4000c2e0  LEND    : 0x4000c2f6  LCOUNT  : 0xffffffff  


Backtrace: 0x400efe4e:0x3ffcca80 0x400f0347:0x3ffccbb0 0x400d81c7:0x3ffccbd0 0x400904c9:0x3ffccc00




ELF file SHA256: 03b413751

Rebooting...
ets Jul 29 2019 12:21:46

rst:0xc (SW_CPU_RESET),boot:0x13 (SPI_FAST_FLASH_BOOT)
configsip: 0, SPIWP:0xee
clk_drv:0x00,q_drv:0x00,d_drv:0x00,cs0_drv:0x00,hd_drv:0x00,wp_drv:0x00
mode:DIO, clock div:2
load:0x3fff0030,len:6584
load:0x40078000,len:16116
load:0x40080400,len:4
load:0x40080404,len:4708
entry 0x400806a8
[0;32mI (29) boot: ESP-IDF v5.4-dirty 2nd stage bootloader[0m
[0;32mI (29) boot: compile time Apr 13 2025 20:11:59[0m
[0;32mI (29) boot: Multicore bootloader[0m
[0;32mI (31) boot: chip revision: v3.1[0m
[0;32mI (34) boot.esp32: SPI Speed      : 40MHz[0m
[0;32mI (38) boot.esp32: SPI Mode       : DIO[0m
[0;32mI (41) boot.esp32: SPI Flash Size : 4MB[0m
[0;32mI (45) boot: Enabling RNG early entropy source...[0m
[0;32mI (49) boot: Partition Table:[0m
[0;32mI (52) boot: ## Label            Usage          Type ST Offset   Length[0m
[0;32mI (58) boot:  0 nvs              WiFi data        01 02 00009000 00006000[0m
[0;32mI (65) boot:  1 phy_init         RF data          01 01 0000f000 00001000[0m
[0;32mI (71) boot:  2 factory          factory app      00 00 00010000 00100000[0m
[0;32mI (78) boot:  3 ota_0            OTA app          00 10 00110000 00100000[0m
[0;32mI (84) boot:  4 ota_1            OTA app          00 11 00210000 00100000[0m
[0;32mI (91) boot:  5 otadata          OTA data         01 00 00310000 00002000[0m
[0;32mI (97) boot:  6 spiffs           Unknown data     01 82 00312000 00050000[0m
[0;32mI (104) boot: End of partition table[0m
[0;32mI (107) boot: Defaulting to factory image[0m
[0;32mI (5111) boot: Detect a condition of the factory reset[0m
[0;32mI (5111) boot: Data partitions to erase: nvs[0m
[0;32mI (5111) boot_comm: ## Label            Usage Offset   Length   Cleaned[0m
[0;32mI (5209) boot_comm:  0 nvs              data  00009000 00006000 [yes][0m
[0;32mI (5209) boot_comm:  1 phy_init         data  0000f000 00001000 [no][0m
[0;32mI (5210) boot_comm:  5 otadata          data  00310000 00002000 [no][0m
[0;32mI (5216) boot_comm:  6 spiffs           data  00312000 00050000 [no][0m
[0;32mI (5223) boot: Defaulting to factory image[0m
[0;32mI (5226) esp_image: segment 0: paddr=00010020 vaddr=3f400020 size=123c4h ( 74692) map[0m
[0;32mI (5260) esp_image: segment 1: paddr=000223ec vaddr=3ff80000 size=0001ch (    28) load[0m
[0;32mI (5260) esp_image: segment 2: paddr=00022410 vaddr=3ffbdb60 size=04d60h ( 19808) load[0m
[0;32mI (5271) esp_image: segment 3: paddr=00027178 vaddr=40080000 size=08ea0h ( 36512) load[0m
[0;32mI (5286) esp_image: segment 4: paddr=00030020 vaddr=400d0020 size=5b4e0h (373984) map[0m
[0;32mI (5414) esp_image: segment 5: paddr=0008b508 vaddr=40088ea0 size=0ebech ( 60396) load[0m
[0;32mI (5449) boot: Loaded app from partition at offset 0x10000[0m
[0;32mI (5449) boot: Disabling RNG early entropy source...[0m
[0;32mI (5460) cpu_start: Multicore app[0m
[0;32mI (5468) cpu_start: Pro cpu start user code[0m
[0;32mI (5468) cpu_start: cpu freq: 160000000 Hz[0m
[0;32mI (5468) app_init: Application information:[0m
[0;32mI (5468) app_init: Project name:     nimble_gatt_server[0m
[0;32mI (5473) app_init: App version:      1[0m
[0;32mI (5477) app_init: Compile time:     Apr 13 2025 20:12:01[0m
[0;32mI (5482) app_init: ELF file SHA256:  03b413751...[0m
[0;32mI (5486) app_init: ESP-IDF:          v5.4-dirty[0m
[0;32mI (5490) efuse_init: Min chip rev:     v0.0[0m
[0;32mI (5494) efuse_init: Max chip rev:     v3.99 [0m
[0;32mI (5498) efuse_init: Chip rev:         v3.1[0m
[0;32mI (5503) heap_init: Initializing. RAM available for dynamic allocation:[0m
[0;32mI (5509) heap_init: At 3FFAFF10 len 000000F0 (0 KiB): DRAM[0m
[0;32mI (5514) heap_init: At 3FFB6388 len 00001C78 (7 KiB): DRAM[0m
[0;32mI (5519) heap_init: At 3FFB9A20 len 00004108 (16 KiB): DRAM[0m
[0;32mI (5524) heap_init: At 3FFC5968 len 0001A698 (105 KiB): DRAM[0m
[0;32mI (5530) heap_init: At 3FFE0440 len 00003AE0 (14 KiB): D/IRAM[0m
[0;32mI (5535) heap_init: At 3FFE4350 len 0001BCB0 (111 KiB): D/IRAM[0m
[0;32mI (5541) heap_init: At 40097A8C len 00008574 (33 KiB): IRAM[0m
[0;32mI (5548) spi_flash: detected chip: generic[0m
[0;32mI (5550) spi_flash: flash io: dio[0m
[0;32mI (5554) coexist: coex firmware version: 49a8cdc[0m
[0;32mI (5558) main_task: Started on CPU0[0m
[0;32mI (5568) main_task: Calling app_main()[0m
[0;32mI (5568) NimBLE_GATT_Server: example configured to blink gpio led![0m
[0;32mI (5568) gpio: GPIO[13]| InputEn: 0| OutputEn: 0| OpenDrain: 0| Pullup: 1| Pulldown: 0| Intr:0 [0m
[0;32mI (5598) NimBLE_GATT_Server: SPIFFS mounted. Total: 293921 bytes, Used: 251 bytes[0m
[0;32mI (5598) NimBLE_GATT_Server: Ensured upload.txt exists[0m
[0;32mI (5608) BTDM_INIT: BT controller compile version [20b459d][0m
[0;32mI (5608) BTDM_INIT: Bluetooth MAC: 14:2b:2f:da:dc:5e[0m
[0;32mI (5618) phy_init: phy_version 4840,02e0d70,Sep  2 2024,19:39:07[0m
[0;33mW (5618) phy_init: failed to load RF calibration data (0x1102), falling back to full calibration[0m
[0;33mW (5688) phy_init: saving new calibration data because of checksum failure, mode(2)[0m

Success!
Guru Meditation Error: Core  0 panic'ed (LoadProhibited). Exception was unhandled.

Core  0 register dump:
PC      : 0x400efe51  PS      : 0x00060030  A0      : 0x800f034a  A1      : 0x3ffcca80  
A2      : 0x9078d326  A3      : 0x00000000  A4      : 0x00000000  A5      : 0x3ffccbd0  
A6      : 0x3ffc5968  A7      : 0x3ffb6708  A8      : 0x800f0b10  A9      : 0x3ffcca40  
A10     : 0x00000000  A11     : 0x3ffccb68  A12     : 0x00000020  A13     : 0x3ffccdf4  
A14     : 0x3f420000  A15     : 0x00030a90  SAR     : 0x0000001c  EXCCAUSE: 0x0000001c  
EXCVADDR: 0x9078d332  LBEG    : 0x4000c2e0  LEND    : 0x4000c2f6  LCOUNT  : 0xffffffff  


Backtrace: 0x400efe4e:0x3ffcca80 0x400f0347:0x3ffccbb0 0x400d81c7:0x3ffccbd0 0x400904c9:0x3ffccc00




ELF file SHA256: 03b413751

Rebooting...
ets Jul 29 2019 12:21:46

rst:0xc (SW_CPU_RESET),boot:0x13 (SPI_FAST_FLASH_BOOT)
configsip: 0, SPIWP:0xee
clk_drv:0x00,q_drv:0x00,d_drv:0x00,cs0_drv:0x00,hd_drv:0x00,wp_drv:0x00
mode:DIO, clock div:2
load:0x3fff0030,len:6584
load:0x40078000,len:16116
load:0x40080400,len:4
load:0x40080404,len:4708
entry 0x400806a8
[0;32mI (29) boot: ESP-IDF v5.4-dirty 2nd stage bootloader[0m
[0;32mI (29) boot: compile time Apr 13 2025 20:11:59[0m
[0;32mI (29) boot: Multicore bootloader[0m
[0;32mI (31) boot: chip revision: v3.1[0m
[0;32mI (34) boot.esp32: SPI Speed      : 40MHz[0m
[0;32mI (38) boot.esp32: SPI Mode       : DIO[0m
[0;32mI (41) boot.esp32: SPI Flash Size : 4MB[0m
[0;32mI (45) boot: Enabling RNG early entropy source...[0m
[0;32mI (49) boot: Partition Table:[0m
[0;32mI (52) boot: ## Label            Usage          Type ST Offset   Length[0m
[0;32mI (58) boot:  0 nvs              WiFi data        01 02 00009000 00006000[0m
[0;32mI (65) boot:  1 phy_init         RF data          01 01 0000f000 00001000[0m
[0;32mI (71) boot:  2 factory          factory app      00 00 00010000 00100000[0m
[0;32mI (78) boot:  3 ota_0            OTA app          00 10 00110000 00100000[0m
[0;32mI (84) boot:  4 ota_1            OTA app          00 11 00210000 00100000[0m
[0;32mI (91) boot:  5 otadata          OTA data         01 00 00310000 00002000[0m
[0;32mI (97) boot:  6 spiffs           Unknown data     01 82 00312000 00050000[0m
[0;32mI (104) boot: End of partition table[0m
[0;32mI (107) boot: Defaulting to factory image[0m
[0;32mI (5111) boot: Detect a condition of the factory reset[0m
[0;32mI (5111) boot: Data partitions to erase: nvs[0m
[0;32mI (5111) boot_comm: ## Label            Usage Offset   Length   Cleaned[0m
[0;32mI (5204) boot_comm:  0 nvs              data  00009000 00006000 [yes][0m
[0;32mI (5204) boot_comm:  1 phy_init         data  0000f000 00001000 [no][0m
[0;32mI (5205) boot_comm:  5 otadata          data  00310000 00002000 [no][0m
[0;32mI (5211) boot_comm:  6 spiffs           data  00312000 00050000 [no][0m
[0;32mI (5217) boot: Defaulting to factory image[0m
[0;32mI (5221) esp_image: segment 0: paddr=00010020 vaddr=3f400020 size=123c4h ( 74692) map[0m
[0;32mI (5254) esp_image: segment 1: paddr=000223ec vaddr=3ff80000 size=0001ch (    28) load[0m
[0;32mI (5254) esp_image: segment 2: paddr=00022410 vaddr=3ffbdb60 size=04d60h ( 19808) load[0m
[0;32mI (5266) esp_image: segment 3: paddr=00027178 vaddr=40080000 size=08ea0h ( 36512) load[0m
[0;32mI (5280) esp_image: segment 4: paddr=00030020 vaddr=400d0020 size=5b4e0h (373984) map[0m
[0;32mI (5408) esp_image: segment 5: paddr=0008b508 vaddr=40088ea0 size=0ebech ( 60396) load[0m
[0;32mI (5443) boot: Loaded app from partition at offset 0x10000[0m
[0;32mI (5443) boot: Disabling RNG early entropy source...[0m
[0;32mI (5454) cpu_start: Multicore app[0m
[0;32mI (5462) cpu_start: Pro cpu start user code[0m
[0;32mI (5462) cpu_start: cpu freq: 160000000 Hz[0m
[0;32mI (5463) app_init: Application information:[0m
[0;32mI (5463) app_init: Project name:     nimble_gatt_server[0m
[0;32mI (5468) app_init: App version:      1[0m
[0;32mI (5471) app_init: Compile time:     Apr 13 2025 20:12:01[0m
[0;32mI (5476) app_init: ELF file SHA256:  03b413751...[0m
[0;32mI (5481) app_init: ESP-IDF:          v5.4-dirty[0m
[0;32mI (5485) efuse_init: Min chip rev:     v0.0[0m
[0;32mI (5489) efuse_init: Max chip rev:     v3.99 [0m
[0;32mI (5493) efuse_init: Chip rev:         v3.1[0m
[0;32mI (5497) heap_init: Initializing. RAM available for dynamic allocation:[0m
[0;32mI (5503) heap_init: At 3FFAFF10 len 000000F0 (0 KiB): DRAM[0m
[0;32mI (5508) heap_init: At 3FFB6388 len 00001C78 (7 KiB): DRAM[0m
[0;32mI (5514) heap_init: At 3FFB9A20 len 00004108 (16 KiB): DRAM[0m
[0;32mI (5519) heap_init: At 3FFC5968 len 0001A698 (105 KiB): DRAM[0m
[0;32mI (5524) heap_init: At 3FFE0440 len 00003AE0 (14 KiB): D/IRAM[0m
[0;32mI (5530) heap_init: At 3FFE4350 len 0001BCB0 (111 KiB): D/IRAM[0m
[0;32mI (5535) heap_init: At 40097A8C len 00008574 (33 KiB): IRAM[0m
[0;32mI (5542) spi_flash: detected chip: generic[0m
[0;32mI (5545) spi_flash: flash io: dio[0m
[0;32mI (5549) coexist: coex firmware version: 49a8cdc[0m
[0;32mI (5553) main_task: Started on CPU0[0m
[0;32mI (5563) main_task: Calling app_main()[0m
[0;32mI (5563) NimBLE_GATT_Server: example configured to blink gpio led![0m
[0;32mI (5563) gpio: GPIO[13]| InputEn: 0| OutputEn: 0| OpenDrain: 0| Pullup: 1| Pulldown: 0| Intr:0 [0m
[0;32mI (5593) NimBLE_GATT_Server: SPIFFS mounted. Total: 293921 bytes, Used: 251 bytes[0m
[0;32mI (5593) NimBLE_GATT_Server: Ensured upload.txt exists[0m
[0;32mI (5603) BTDM_INIT: BT controller compile version [20b459d][0m
[0;32mI (5603) BTDM_INIT: Bluetooth MAC: 14:2b:2f:da:dc:5e[0m
[0;32mI (5613) phy_init: phy_version 4840,02e0d70,Sep  2 2024,19:39:07[0m
[0;33mW (5613) phy_init: failed to load RF calibration data (0x1102), falling back to full calibration[0m
[0;33mW (5683) phy_init: saving new calibration data because of checksum failure, mode(2)[0m

Success!
Guru Meditation Error: Core  0 panic'ed (LoadProhibited). Exception was unhandled.

Core  0 register dump:
PC      : 0x400efe51  PS      : 0x00060030  A0      : 0x800f034a  A1      : 0x3ffcca80  
A2      : 0x9078d326  A3      : 0x00000000  A4      : 0x00000000  A5      : 0x3ffccbd0  
A6      : 0x3ffc5968  A7      : 0x3ffb6708  A8      : 0x800f0b10  A9      : 0x3ffcca40  
A10     : 0x00000000  A11     : 0x3ffccb68  A12     : 0x00000020  A13     : 0x3ffccdf4  
A14     : 0x3f420000  A15     : 0x00030a90  SAR     : 0x0000001c  EXCCAUSE: 0x0000001c  
EXCVADDR: 0x9078d332  LBEG    : 0x4000c2e0  LEND    : 0x4000c2f6  LCOUNT  : 0xffffffff  


Backtrace: 0x400efe4e:0x3ffcca80 0x400f0347:0x3ffccbb0 0x400d81c7:0x3ffccbd0 0x400904c9:0x3ffccc00




ELF file SHA256: 03b413751

Rebooting...
ets Jul 29 2019 12:21:46

rst:0xc (SW_CPU_RESET),boot:0x13 (SPI_FAST_FLASH_BOOT)
configsip: 0, SPIWP:0xee
clk_drv:0x00,q_drv:0x00,d_drv:0x00,cs0_drv:0x00,hd_drv:0x00,wp_drv:0x00
mode:DIO, clock div:2
load:0x3fff0030,len:6584
load:0x40078000,len:16116
load:0x40080400,len:4
load:0x40080404,len:4708
entry 0x400806a8
[0;32mI (29) boot: ESP-IDF v5.4-dirty 2nd stage bootloader[0m
[0;32mI (29) boot: compile time Apr 13 2025 20:11:59[0m
[0;32mI (29) boot: Multicore bootloader[0m
[0;32mI (31) boot: chip revision: v3.1[0m
[0;32mI (34) boot.esp32: SPI Speed      : 40MHz[0m
[0;32mI (38) boot.esp32: SPI Mode       : DIO[0m
[0;32mI (41) boot.esp32: SPI Flash Size : 4MB[0m
[0;32mI (45) boot: Enabling RNG early entropy source...[0m
[0;32mI (49) boot: Partition Table:[0m
[0;32mI (52) boot: ## Label            Usage          Type ST Offset   Length[0m
[0;32mI (58) boot:  0 nvs              WiFi data        01 02 00009000 00006000[0m
[0;32mI (65) boot:  1 phy_init         RF data          01 01 0000f000 00001000[0m
[0;32mI (71) boot:  2 factory          factory app      00 00 00010000 00100000[0m
[0;32mI (78) boot:  3 ota_0            OTA app          00 10 00110000 00100000[0m
[0;32mI (84) boot:  4 ota_1            OTA app          00 11 00210000 00100000[0m
[0;32mI (91) boot:  5 otadata          OTA data         01 00 00310000 00002000[0m
[0;32mI (97) boot:  6 spiffs           Unknown data     01 82 00312000 00050000[0m
[0;32mI (104) boot: End of partition table[0m
[0;32mI (107) boot: Defaulting to factory image[0m
[0;32mI (4357) esp_image: segment 0: paddr=00010020 vaddr=3f400020 size=123c4h ( 74692) map[0m
[0;32mI (4383) esp_image: segment 1: paddr=000223ec vaddr=3ff80000 size=0001ch (    28) load[0m
[0;32mI (4383) esp_image: segment 2: paddr=00022410 vaddr=3ffbdb60 size=04d60h ( 19808) load[0m
[0;32mI (4394) esp_image: segment 3: paddr=00027178 vaddr=40080000 size=08ea0h ( 36512) load[0m
[0;32mI (4409) esp_image: segment 4: paddr=00030020 vaddr=400d0020 size=5b4e0h (373984) map[0m
[0;32mI (4537) esp_image: segment 5: paddr=0008b508 vaddr=40088ea0 size=0ebech ( 60396) load[0m
[0;32mI (4572) boot: Loaded app from partition at offset 0x10000[0m
[0;32mI (4572) boot: Disabling RNG early entropy source...[0m
[0;32mI (4583) cpu_start: Multicore app[0m
[0;32mI (4591) cpu_start: Pro cpu start user code[0m
[0;32mI (4591) cpu_start: cpu freq: 160000000 Hz[0m
[0;32mI (4591) app_init: Application information:[0m
[0;32mI (4592) app_init: Project name:     nimble_gatt_server[0m
[0;32mI (4597) app_init: App version:      1[0m
[0;32mI (4600) app_init: Compile time:     Apr 13 2025 20:12:01[0m
[0;32mI (4605) app_init: ELF file SHA256:  03b413751...[0m
[0;32mI (4610) app_init: ESP-IDF:          v5.4-dirty[0m
[0;32mI (4614) efuse_init: Min chip rev:     v0.0[0m
[0;32mI (4618) efuse_init: Max chip rev:     v3.99 [0m
[0;32mI (4622) efuse_init: Chip rev:         v3.1[0m
[0;32mI (4626) heap_init: Initializing. RAM available for dynamic allocation:[0m
[0;32mI (4632) heap_init: At 3FFAFF10 len 000000F0 (0 KiB): DRAM[0m
[0;32mI (4637) heap_init: At 3FFB6388 len 00001C78 (7 KiB): DRAM[0m
[0;32mI (4643) heap_init: At 3FFB9A20 len 00004108 (16 KiB): DRAM[0m
[0;32mI (4648) heap_init: At 3FFC5968 len 0001A698 (105 KiB): DRAM[0m
[0;32mI (4653) heap_init: At 3FFE0440 len 00003AE0 (14 KiB): D/IRAM[0m
[0;32mI (4659) heap_init: At 3FFE4350 len 0001BCB0 (111 KiB): D/IRAM[0m
[0;32mI (4664) heap_init: At 40097A8C len 00008574 (33 KiB): IRAM[0m
[0;32mI (4671) spi_flash: detected chip: generic[0m
[0;32mI (4673) spi_flash: flash io: dio[0m
[0;32mI (4677) coexist: coex firmware version: 49a8cdc[0m
[0;32mI (4682) main_task: Started on CPU0[0m
[0;32mI (4692) main_task: Calling app_main()[0m
[0;32mI (4692) NimBLE_GATT_Server: example configured to blink gpio led![0m
[0;32mI (4692) gpio: GPIO[13]| InputEn: 0| OutputEn: 0| OpenDrain: 0| Pullup: 1| Pulldown: 0| Intr:0 [0m
[0;32mI (4722) NimBLE_GATT_Server: SPIFFS mounted. Total: 293921 bytes, Used: 251 bytes[0m
[0;32mI (4722) NimBLE_GATT_Server: Ensured upload.txt exists[0m
[0;32mI (4732) BTDM_INIT: BT controller compile version [20b459d][0m
[0;32mI (4742) BTDM_INIT: Bluetooth MAC: 14:2b:2f:da:dc:5e[0m
[0;32mI (4742) phy_init: phy_version 4840,02e0d70,Sep  2 2024,19:39:07[0m

Success!
Guru Meditation Error: Core  0 panic'ed (LoadProhibited). Exception was unhandled.

Core  0 register dump:
PC      : 0x400efe51  PS      : 0x00060030  A0      : 0x800f034a  A1      : 0x3ffcca80  
A2      : 0x9078d326  A3      : 0x00000000  A4      : 0x00000000  A5      : 0x3ffccbd0  
A6      : 0x3ffc5968  A7      : 0x3ffb6708  A8      : 0x800f0b10  A9      : 0x3ffcca40  
A10     : 0x00000000  A11     : 0x3ffccb68  A12     : 0x00000020  A13     : 0x3ffccdf4  
A14     : 0x3f420000  A15     : 0x00030a90  SAR     : 0x0000001c  EXCCAUSE: 0x0000001c  
EXCVADDR: 0x9078d332  LBEG    : 0x4000c2e0  LEND    : 0x4000c2f6  LCOUNT  : 0xffffffff  


Backtrace: 0x400efe4e:0x3ffcca80 0x400f0347:0x3ffccbb0 0x400d81c7:0x3ffccbd0 0x400904c9:0x3ffccc00




ELF file SHA256: 03b413751

Rebooting...
ets Jul 29 2019 12:21:46

rst:0xc (SW_CPU_RESET),boot:0x13 (SPI_FAST_FLASH_BOOT)
configsip: 0, SPIWP:0xee
clk_drv:0x00,q_drv:0x00,d_drv:0x00,cs0_drv:0x00,hd_drv:0x00,wp_drv:0x00
mode:DIO, clock div:2
load:0x3fff0030,len:6584
load:0x40078000,len:16116
load:0x40080400,len:4
load:0x40080404,len:4708
entry 0x400806a8
[0;32mI (29) boot: ESP-IDF v5.4-dirty 2nd stage bootloader[0m
[0;32mI (29) boot: compile time Apr 13 2025 20:11:59[0m
[0;32mI (29) boot: Multicore bootloader[0m
[0;32mI (31) boot: chip revision: v3.1[0m
[0;32mI (34) boot.esp32: SPI Speed      : 40MHz[0m
[0;32mI (38) boot.esp32: SPI Mode       : DIO[0m
[0;32mI (41) boot.esp32: SPI Flash Size : 4MB[0m
[0;32mI (45) boot: Enabling RNG early entropy source...[0m
[0;32mI (49) boot: Partition Table:[0m
[0;32mI (52) boot: ## Label            Usage          Type ST Offset   Length[0m
[0;32mI (58) boot:  0 nvs              WiFi data        01 02 00009000 00006000[0m
[0;32mI (65) boot:  1 phy_init         RF data          01 01 0000f000 00001000[0m
[0;32mI (71) boot:  2 factory          factory app      00 00 00010000 00100000[0m
[0;32mI (78) boot:  3 ota_0            OTA app          00 10 00110000 00100000[0m
[0;32mI (84) boot:  4 ota_1            OTA app          00 11 00210000 00100000[0m
[0;32mI (91) boot:  5 otadata          OTA data         01 00 00310000 00002000[0m
[0;32mI (97) boot:  6 spiffs           Unknown data     01 82 00312000 00050000[0m
[0;32mI (104) boot: End of partition table[0m
[0;32mI (107) boot: Defaulting to factory image[0m
[0;32mI (111) esp_image: segment 0: paddr=00010020 vaddr=3f400020 size=123c4h ( 74692) map[0m
[0;32mI (144) esp_image: segment 1: paddr=000223ec vaddr=3ff80000 size=0001ch (    28) load[0m
[0;32mI (144) esp_image: segment 2: paddr=00022410 vaddr=3ffbdb60 size=04d60h ( 19808) load[0m
[0;32mI (155) esp_image: segment 3: paddr=00027178 vaddr=40080000 size=08ea0h ( 36512) load[0m
[0;32mI (170) esp_image: segment 4: paddr=00030020 vaddr=400d0020 size=5b4e0h (373984) map[0m
[0;32mI (298) esp_image: segment 5: paddr=0008b508 vaddr=40088ea0 size=0ebech ( 60396) load[0m
[0;32mI (333) boot: Loaded app from partition at offset 0x10000[0m
[0;32mI (333) boot: Disabling RNG early entropy source...[0m
[0;32mI (343) cpu_start: Multicore app[0m
[0;32mI (352) cpu_start: Pro cpu start user code[0m
[0;32mI (352) cpu_start: cpu freq: 160000000 Hz[0m
[0;32mI (352) app_init: Application information:[0m
[0;32mI (352) app_init: Project name:     nimble_gatt_server[0m
[0;32mI (357) app_init: App version:      1[0m
[0;32mI (360) app_init: Compile time:     Apr 13 2025 20:12:01[0m
[0;32mI (365) app_init: ELF file SHA256:  03b413751...[0m
[0;32mI (369) app_init: ESP-IDF:          v5.4-dirty[0m
[0;32mI (374) efuse_init: Min chip rev:     v0.0[0m
[0;32mI (377) efuse_init: Max chip rev:     v3.99 [0m
[0;32mI (381) efuse_init: Chip rev:         v3.1[0m
[0;32mI (386) heap_init: Initializing. RAM available for dynamic allocation:[0m
[0;32mI (392) heap_init: At 3FFAFF10 len 000000F0 (0 KiB): DRAM[0m
[0;32mI (397) heap_init: At 3FFB6388 len 00001C78 (7 KiB): DRAM[0m
[0;32mI (402) heap_init: At 3FFB9A20 len 00004108 (16 KiB): DRAM[0m
[0;32mI (407) heap_init: At 3FFC5968 len 0001A698 (105 KiB): DRAM[0m
I (412) heap_init: At 3FFE0440 len 00003AE0 (14 KiB): D/IRAM
[0;32mI (418) heap_init: At 3FFE4350 len 0001BCB0 (111 KiB): D/IRAM[0m
[0;32mI (423) heap_init: At 40097A8C len 00008574 (33 KiB): IRAM[0m
[0;32mI (430) spi_flash: detected chip: generic[0m
[0;32mI (432) spi_flash: flash io: dio[0m
[0;32mI (436) coexist: coex firmware version: 49a8cdc[0m
[0;32mI (440) main_task: Started on CPU0[0m
[0;32mI (450) main_task: Calling app_main()[0m
[0;32mI (450) NimBLE_GATT_Server: example configured to blink gpio led![0m
[0;32mI (450) gpio: GPIO[13]| InputEn: 0| OutputEn: 0| OpenDrain: 0| Pullup: 1| Pulldown: 0| Intr:0 [0m
[0;32mI (480) NimBLE_GATT_Server: SPIFFS mounted. Total: 293921 bytes, Used: 251 bytes[0m
[0;32mI (480) NimBLE_GATT_Server: Ensured upload.txt exists[0m
[0;32mI (490) BTDM_INIT: BT controller compile version [20b459d][0m
[0;32mI (500) BTDM_INIT: Bluetooth MAC: 14:2b:2f:da:dc:5e[0m
[0;32mI (500) phy_init: phy_version 4840,02e0d70,Sep  2 2024,19:39:07[0m

Success!
Guru Meditation Error: Core  0 panic'ed (LoadProhibited). Exception was unhandled.

Core  0 register dump:
PC      : 0x400efe51  PS      : 0x00060030  A0      : 0x800f034a  A1      : 0x3ffcca80  
A2      : 0x9078d326  A3      : 0x00000000  A4      : 0x00000000  A5      : 0x3ffccbd0  
A6      : 0x3ffc5968  A7      : 0x3ffb6708  A8      : 0x800f0b10  A9      : 0x3ffcca40  
A10     : 0x00000000  A11     : 0x3ffccb68  A12     : 0x00000020  A13     : 0x3ffccdf4  
A14     : 0x3f420000  A15     : 0x00030a90  SAR     : 0x0000001c  EXCCAUSE: 0x0000001c  
EXCVADDR: 0x9078d332  LBEG    : 0x4000c2e0  LEND    : 0x4000c2f6  LCOUNT  : 0xffffffff  


Backtrace: 0x400efe4e:0x3ffcca80 0x400f0347:0x3ffccbb0 0x400d81c7:0x3ffccbd0 0x400904c9:0x3ffccc00




ELF file SHA256: 03b413751

Rebooting...
ets Jul 29 2019 12:21:46

rst:0xc (SW_CPU_RESET),boot:0x13 (SPI_FAST_FLASH_BOOT)
configsip: 0, SPIWP:0xee
clk_drv:0x00,q_drv:0x00,d_drv:0x00,cs0_drv:0x00,hd_drv:0x00,wp_drv:0x00
mode:DIO, clock div:2
load:0x3fff0030,len:6584
load:0x40078000,len:16116
load:0x40080400,len:4
load:0x40080404,len:4708
entry 0x400806a8
[0;32mI (29) boot: ESP-IDF v5.4-dirty 2nd stage bootloader[0m
[0;32mI (29) boot: compile time Apr 13 2025 20:11:59[0m
[0;32mI (29) boot: Multicore bootloader[0m
[0;32mI (31) boot: chip revision: v3.1[0m
[0;32mI (34) boot.esp32: SPI Speed      : 40MHz[0m
[0;32mI (38) boot.esp32: SPI Mode       : DIO[0m
[0;32mI (41) boot.esp32: SPI Flash Size : 4MB[0m
[0;32mI (45) boot: Enabling RNG early entropy source...[0m
[0;32mI (49) boot: Partition Table:[0m
[0;32mI (52) boot: ## Label            Usage          Type ST Offset   Length[0m
[0;32mI (58) boot:  0 nvs              WiFi data        01 02 00009000 00006000[0m
[0;32mI (65) boot:  1 phy_init         RF data          01 01 0000f000 00001000[0m
[0;32mI (71) boot:  2 factory          factory app      00 00 00010000 00100000[0m
[0;32mI (78) boot:  3 ota_0            OTA app          00 10 00110000 00100000[0m
[0;32mI (84) boot:  4 ota_1            OTA app          00 11 00210000 00100000[0m
[0;32mI (91) boot:  5 otadata          OTA data         01 00 00310000 00002000[0m
[0;32mI (97) boot:  6 spiffs           Unknown data     01 82 00312000 00050000[0m
[0;32mI (104) boot: End of partition table[0m
[0;32mI (107) boot: Defaulting to factory image[0m
[0;32mI (111) esp_image: segment 0: paddr=00010020 vaddr=3f400020 size=123c4h ( 74692) map[0m
[0;32mI (144) esp_image: segment 1: paddr=000223ec vaddr=3ff80000 size=0001ch (    28) load[0m
[0;32mI (144) esp_image: segment 2: paddr=00022410 vaddr=3ffbdb60 size=04d60h ( 19808) load[0m
[0;32mI (155) esp_image: segment 3: paddr=00027178 vaddr=40080000 size=08ea0h ( 36512) load[0m
[0;32mI (170) esp_image: segment 4: paddr=00030020 vaddr=400d0020 size=5b4e0h (373984) map[0m
[0;32mI (298) esp_image: segment 5: paddr=0008b508 vaddr=40088ea0 size=0ebech ( 60396) load[0m
[0;32mI (333) boot: Loaded app from partition at offset 0x10000[0m
[0;32mI (333) boot: Disabling RNG early entropy source...[0m
[0;32mI (343) cpu_start: Multicore app[0m
[0;32mI (352) cpu_start: Pro cpu start user code[0m
[0;32mI (352) cpu_start: cpu freq: 160000000 Hz[0m
[0;32mI (352) app_init: Application information:[0m
[0;32mI (352) app_init: Project name:     nimble_gatt_server[0m
[0;32mI (357) app_init: App version:      1[0m
[0;32mI (360) app_init: Compile time:     Apr 13 2025 20:12:01[0m
[0;32mI (365) app_init: ELF file SHA256:  03b413751...[0m
[0;32mI (369) app_init: ESP-IDF:          v5.4-dirty[0m
[0;32mI (374) efuse_init: Min chip rev:     v0.0[0m
[0;32mI (377) efuse_init: Max chip rev:     v3.99 [0m
[0;32mI (381) efuse_init: Chip rev:         v3.1[0m
[0;32mI (386) heap_init: Initializing. RAM available for dynamic allocation:[0m
[0;32mI (392) heap_init: At 3FFAFF10 len 000000F0 (0 KiB): DRAM[0m
[0;32mI (397) heap_init: At 3FFB6388 len 00001C78 (7 KiB): DRAM[0m
[0;32mI (402) heap_init: At 3FFB9A20 len 00004108 (16 KiB): DRAM[0m
[0;32mI (407) heap_init: At 3FFC5968 len 0001A698 (105 KiB): DRAM[0m
[0;32mI (412) heap_init: At 3FFE0440 len 00003AE0 (14 KiB): D/IRAM[0m
[0;32mI (418) heap_init: At 3FFE4350 len 0001BCB0 (111 KiB): D/IRAM[0m
[0;32mI (423) heap_init: At 40097A8C len 00008574 (33 KiB): IRAM[0m
[0;32mI (430) spi_flash: detected chip: generic[0m
[0;32mI (432) spi_flash: flash io: dio[0m
[0;32mI (436) coexist: coex firmware version: 49a8cdc[0m
[0;32mI (440) main_task: Started on CPU0[0m
[0;32mI (450) main_task: Calling app_main()[0m
[0;32mI (450) NimBLE_GATT_Server: example configured to blink gpio led![0m
[0;32mI (450) gpio: GPIO[13]| InputEn: 0| OutputEn: 0| OpenDrain: 0| Pullup: 1| Pulldown: 0| Intr:0 [0m
[0;32mI (480) NimBLE_GATT_Server: SPIFFS mounted. Total: 293921 bytes, Used: 251 bytes[0m
[0;32mI (480) NimBLE_GATT_Server: Ensured upload.txt exists[0m
[0;32mI (490) BTDM_INIT: BT controller compile version [20b459d][0m
[0;32mI (500) BTDM_INIT: Bluetooth MAC: 14:2b:2f:da:dc:5e[0m
[0;32mI (500) phy_init: phy_version 4840,02e0d70,Sep  2 2024,19:39:07[0m

Success!
Guru Meditation Error: Core  0 panic'ed (LoadProhibited). Exception was unhandled.

Core  0 register dump:
PC      : 0x400efe51  PS      : 0x00060030  A0      : 0x800f034a  A1      : 0x3ffcca80  
A2      : 0x9078d326  A3      : 0x00000000  A4      : 0x00000000  A5      : 0x3ffccbd0  
A6      : 0x3ffc5968  A7      : 0x3ffb6708  A8      : 0x800f0b10  A9      : 0x3ffcca40  
A10     : 0x00000000  A11     : 0x3ffccb68  A12     : 0x00000020  A13     : 0x3ffccdf4  
A14     : 0x3f420000  A15     : 0x00030a90  SAR     : 0x0000001c  EXCCAUSE: 0x0000001c  
EXCVADDR: 0x9078d332  LBEG    : 0x4000c2e0  LEND    : 0x4000c2f6  LCOUNT  : 0xffffffff  


Backtrace: 0x400efe4e:0x3ffcca80 0x400f0347:0x3ffccbb0 0x400d81c7:0x3ffccbd0 0x400904c9:0x3ffccc00




ELF file SHA256: 03b413751

Rebooting...
ets Jul 29 2019 12:21:46

rst:0xc (SW_CPU_RESET),boot:0x13 (SPI_FAST_FLASH_BOOT)
configsip: 0, SPIWP:0xee
clk_drv:0x00,q_drv:0x00,d_drv:0x00,cs0_drv:0x00,hd_drv:0x00,wp_drv:0x00
mode:DIO, clock div:2
load:0x3fff0030,len:6584
load:0x40078000,len:16116
load:0x40080400,len:4
load:0x40080404,len:4708
entry 0x400806a8
[0;32mI (29) boot: ESP-IDF v5.4-dirty 2nd stage bootloader[0m
[0;32mI (29) boot: compile time Apr 13 2025 20:11:59[0m
[0;32mI (29) boot: Multicore bootloader[0m
[0;32mI (31) boot: chip revision: v3.1[0m
[0;32mI (34) boot.esp32: SPI Speed      : 40MHz[0m
[0;32mI (38) boot.esp32: SPI Mode       : DIO[0m
[0;32mI (41) boot.esp32: SPI Flash Size : 4MB[0m
[0;32mI (45) boot: Enabling RNG early entropy source...[0m
[0;32mI (49) boot: Partition Table:[0m
[0;32mI (52) boot: ## Label            Usage          Type ST Offset   Length[0m
[0;32mI (58) boot:  0 nvs              WiFi data        01 02 00009000 00006000[0m
[0;32mI (65) boot:  1 phy_init         RF data          01 01 0000f000 00001000[0m
[0;32mI (71) boot:  2 factory          factory app      00 00 00010000 00100000[0m
[0;32mI (78) boot:  3 ota_0            OTA app          00 10 00110000 00100000[0m
[0;32mI (84) boot:  4 ota_1            OTA app          00 11 00210000 00100000[0m
[0;32mI (91) boot:  5 otadata          OTA data         01 00 00310000 00002000[0m
[0;32mI (97) boot:  6 spiffs           Unknown data     01 82 00312000 00050000[0m
[0;32mI (104) boot: End of partition table[0m
[0;32mI (107) boot: Defaulting to factory image[0m
[0;32mI (111) esp_image: segment 0: paddr=00010020 vaddr=3f400020 size=123c4h ( 74692) map[0m
[0;32mI (144) esp_image: segment 1: paddr=000223ec vaddr=3ff80000 size=0001ch (    28) load[0m
[0;32mI (144) esp_image: segment 2: paddr=00022410 vaddr=3ffbdb60 size=04d60h ( 19808) load[0m
[0;32mI (155) esp_image: segment 3: paddr=00027178 vaddr=40080000 size=08ea0h ( 36512) load[0m
[0;32mI (170) esp_image: segment 4: paddr=00030020 vaddr=400d0020 size=5b4e0h (373984) map[0m
[0;32mI (298) esp_image: segment 5: paddr=0008b508 vaddr=40088ea0 size=0ebech ( 60396) load[0m
[0;32mI (333) boot: Loaded app from partition at offset 0x10000[0m
[0;32mI (333) boot: Disabling RNG early entropy source...[0m
[0;32mI (343) cpu_start: Multicore app[0m
[0;32mI (352) cpu_start: Pro cpu start user code[0m
[0;32mI (352) cpu_start: cpu freq: 160000000 Hz[0m
[0;32mI (352) app_init: Application information:[0m
[0;32mI (352) app_init: Project name:     nimble_gatt_server[0m
[0;32mI (357) app_init: App version:      1[0m
[0;32mI (360) app_init: Compile time:     Apr 13 2025 20:12:01[0m
[0;32mI (365) app_init: ELF file SHA256:  03b413751...[0m
[0;32mI (369) app_init: ESP-IDF:          v5.4-dirty[0m
[0;32mI (374) efuse_init: Min chip rev:     v0.0[0m
[0;32mI (377) efuse_init: Max chip rev:     v3.99 [0m
[0;32mI (381) efuse_init: Chip rev:         v3.1[0m
[0;32mI (386) heap_init: Initializing. RAM available for dynamic allocation:[0m
[0;32mI (392) heap_init: At 3FFAFF10 len 000000F0 (0 KiB): DRAM[0m
[0;32mI (397) heap_init: At 3FFB6388 len 00001C78 (7 KiB): DRAM[0m
[0;32mI (402) heap_init: At 3FFB9A20 len 00004108 (16 KiB): DRAM[0m
[0;32mI (407) heap_init: At 3FFC5968 len 0001A698 (105 KiB): DRAM[0m
[0;32mI (412) heap_init: At 3FFE0440 len 00003AE0 (14 KiB): D/IRAM[0m
[0;32mI (418) heap_init: At 3FFE4350 len 0001BCB0 (111 KiB): D/IRAM[0m
[0;32mI (423) heap_init: At 40097A8C len 00008574 (33 KiB): IRAM[0m
[0;32mI (430) spi_flash: detected chip: generic[0m
[0;32mI (432) spi_flash: flash io: dio[0m
[0;32mI (436) coexist: coex firmware version: 49a8cdc[0m
[0;32mI (440) main_task: Started on CPU0[0m
[0;32mI (450) main_task: Calling app_main()[0m
[0;32mI (450) NimBLE_GATT_Server: example configured to blink gpio led![0m
[0;32mI (450) gpio: GPIO[13]| InputEn: 0| OutputEn: 0| OpenDrain: 0| Pullup: 1| Pulldown: 0| Intr:0 [0m
[0;32mI (480) NimBLE_GATT_Server: SPIFFS mounted. Total: 293921 bytes, Used: 251 bytes[0m
[0;32mI (480) NimBLE_GATT_Server: Ensured upload.txt exists[0m
[0;32mI (490) BTDM_INIT: BT controller compile version [20b459d][0m
[0;32mI (500) BTDM_INIT: Bluetooth MAC: 14:2b:2f:da:dc:5e[0m
[0;32mI (500) phy_init: phy_version 4840,02e0d70,Sep  2 2024,19:39:07[0m

Success!
Guru Meditation Error: Core  0 panic'ed (LoadProhibited). Exception was unhandled.

Core  0 register dump:
PC      : 0x400efe51  PS      : 0x00060030  A0      : 0x800f034a  A1      : 0x3ffcca80  
A2      : 0x9078d326  A3      : 0x00000000  A4      : 0x00000000  A5      : 0x3ffccbd0  
A6      : 0x3ffc5968  A7      : 0x3ffb6708  A8      : 0x800f0b10  A9      : 0x3ffcca40  
A10     : 0x00000000  A11     : 0x3ffccb68  A12     : 0x00000020  A13     : 0x3ffccdf4  
A14     : 0x3f420000  A15     : 0x00030a90  SAR     : 0x0000001c  EXCCAUSE: 0x0000001c  
EXCVADDR: 0x9078d332  LBEG    : 0x4000c2e0  LEND    : 0x4000c2f6  LCOUNT  : 0xffffffff  


Backtrace: 0x400efe4e:0x3ffcca80 0x400f0347:0x3ffccbb0 0x400d81c7:0x3ffccbd0 0x400904c9:0x3ffccc00




ELF file SHA256: 03b413751

Rebooting...
ets Jul 29 2019 12:21:46

rst:0xc (SW_CPU_RESET),boot:0x13 (SPI_FAST_FLASH_BOOT)
configsip: 0, SPIWP:0xee
clk_drv:0x00,q_drv:0x00,d_drv:0x00,cs0_drv:0x00,hd_drv:0x00,wp_drv:0x00
mode:DIO, clock div:2
load:0x3fff0030,len:6584
load:0x40078000,len:16116
load:0x40080400,len:4
load:0x40080404,len:4708
entry 0x400806a8
[0;32mI (29) boot: ESP-IDF v5.4-dirty 2nd stage bootloader[0m
[0;32mI (29) boot: compile time Apr 13 2025 20:11:59[0m
[0;32mI (29) boot: Multicore bootloader[0m
[0;32mI (31) boot: chip revision: v3.1[0m
[0;32mI (34) boot.esp32: SPI Speed      : 40MHz[0m
[0;32mI (38) boot.esp32: SPI Mode       : DIO[0m
[0;32mI (41) boot.esp32: SPI Flash Size : 4MB[0m
[0;32mI (45) boot: Enabling RNG early entropy source...[0m
[0;32mI (49) boot: Partition Table:[0m
[0;32mI (52) boot: ## Label            Usage          Type ST Offset   Length[0m
[0;32mI (58) boot:  0 nvs              WiFi data        01 02 00009000 00006000[0m
[0;32mI (65) boot:  1 phy_init         RF data          01 01 0000f000 00001000[0m
[0;32mI (71) boot:  2 factory          factory app      00 00 00010000 00100000[0m
[0;32mI (78) boot:  3 ota_0            OTA app          00 10 00110000 00100000[0m
[0;32mI (84) boot:  4 ota_1            OTA app          00 11 00210000 00100000[0m
[0;32mI (91) boot:  5 otadata          OTA data         01 00 00310000 00002000[0m
[0;32mI (97) boot:  6 spiffs           Unknown data     01 82 00312000 00050000[0m
[0;32mI (104) boot: End of partition table[0m
[0;32mI (107) boot: Defaulting to factory image[0m
[0;32mI (111) esp_image: segment 0: paddr=00010020 vaddr=3f400020 size=123c4h ( 74692) map[0m
[0;32mI (144) esp_image: segment 1: paddr=000223ec vaddr=3ff80000 size=0001ch (    28) load[0m
[0;32mI (144) esp_image: segment 2: paddr=00022410 vaddr=3ffbdb60 size=04d60h ( 19808) load[0m
[0;32mI (155) esp_image: segment 3: paddr=00027178 vaddr=40080000 size=08ea0h ( 36512) load[0m
[0;32mI (170) esp_image: segment 4: paddr=00030020 vaddr=400d0020 size=5b4e0h (373984) map[0m
[0;32mI (298) esp_image: segment 5: paddr=0008b508 vaddr=40088ea0 size=0ebech ( 60396) load[0m
[0;32mI (333) boot: Loaded app from partition at offset 0x10000[0m
[0;32mI (333) boot: Disabling RNG early entropy source...[0m
[0;32mI (343) cpu_start: Multicore app[0m
[0;32mI (352) cpu_start: Pro cpu start user code[0m
[0;32mI (352) cpu_start: cpu freq: 160000000 Hz[0m
[0;32mI (352) app_init: Application information:[0m
[0;32mI (352) app_init: Project name:     nimble_gatt_server[0m
[0;32mI (357) app_init: App version:      1[0m
[0;32mI (360) app_init: Compile time:     Apr 13 2025 20:12:01[0m
[0;32mI (365) app_init: ELF file SHA256:  03b413751...[0m
[0;32mI (369) app_init: ESP-IDF:          v5.4-dirty[0m
[0;32mI (374) efuse_init: Min chip rev:     v0.0[0m
[0;32mI (377) efuse_init: Max chip rev:     v3.99 [0m
[0;32mI (381) efuse_init: Chip rev:         v3.1[0m
[0;32mI (386) heap_init: Initializing. RAM available for dynamic allocation:[0m
[0;32mI (392) heap_init: At 3FFAFF10 len 000000F0 (0 KiB): DRAM[0m
[0;32mI (397) heap_init: At 3FFB6388 len 00001C78 (7 KiB): DRAM[0m
[0;32mI (402) heap_init: At 3FFB9A20 len 00004108 (16 KiB): DRAM[0m
[0;32mI (407) heap_init: At 3FFC5968 len 0001A698 (105 KiB): DRAM[0m
I (412) heap_init: At 3FFE0440 len 00003AE0 (14 KiB): D/IRAM
[0;32mI (418) heap_init: At 3FFE4350 len 0001BCB0 (111 KiB): D/IRAM[0m
[0;32mI (423) heap_init: At 40097A8C len 00008574 (33 KiB): IRAM[0m
[0;32mI (430) spi_flash: detected chip: generic[0m
[0;32mI (432) spi_flash: flash io: dio[0m
[0;32mI (436) coexist: coex firmware version: 49a8cdc[0m
[0;32mI (440) main_task: Started on CPU0[0m
[0;32mI (450) main_task: Calling app_main()[0m
[0;32mI (450) NimBLE_GATT_Server: example configured to blink gpio led![0m
[0;32mI (450) gpio: GPIO[13]| InputEn: 0| OutputEn: 0| OpenDrain: 0| Pullup: 1| Pulldown: 0| Intr:0 [0m
[0;32mI (480) NimBLE_GATT_Server: SPIFFS mounted. Total: 293921 bytes, Used: 251 bytes[0m
[0;32mI (480) NimBLE_GATT_Server: Ensured upload.txt exists[0m
[0;32mI (490) BTDM_INIT: BT controller compile version [20b459d][0m
[0;32mI (500) BTDM_INIT: Bluetooth MAC: 14:2b:2f:da:dc:5e[0m
[0;32mI (500) phy_init: phy_version 4840,02e0d70,Sep  2 2024,19:39:07[0m

Success!
Guru Meditation Error: Core  0 panic'ed (LoadProhibited). Exception was unhandled.

Core  0 register dump:
PC      : 0x400efe51  PS      : 0x00060030  A0      : 0x800f034a  A1      : 0x3ffcca80  
A2      : 0x9078d326  A3      : 0x00000000  A4      : 0x00000000  A5      : 0x3ffccbd0  
A6      : 0x3ffc5968  A7      : 0x3ffb6708  A8      : 0x800f0b10  A9      : 0x3ffcca40  
A10     : 0x00000000  A11     : 0x3ffccb68  A12     : 0x00000020  A13     : 0x3ffccdf4  
A14     : 0x3f420000  A15     : 0x00030a90  SAR     : 0x0000001c  EXCCAUSE: 0x0000001c  
EXCVADDR: 0x9078d332  LBEG    : 0x4000c2e0  LEND    : 0x4000c2f6  LCOUNT  : 0xffffffff  


Backtrace: 0x400efe4e:0x3ffcca80 0x400f0347:0x3ffccbb0 0x400d81c7:0x3ffccbd0 0x400904c9:0x3ffccc00




ELF file SHA256: 03b413751

Rebooting...
ets Jul 29 2019 12:21:46

rst:0xc (SW_CPU_RESET),boot:0x13 (SPI_FAST_FLASH_BOOT)
configsip: 0, SPIWP:0xee
clk_drv:0x00,q_drv:0x00,d_drv:0x00,cs0_drv:0x00,hd_drv:0x00,wp_drv:0x00
mode:DIO, clock div:2
load:0x3fff0030,len:6584
load:0x40078000,len:16116
load:0x40080400,len:4
load:0x40080404,len:4708
entry 0x400806a8
[0;32mI (29) boot: ESP-IDF v5.4-dirty 2nd stage bootloader[0m
[0;32mI (29) boot: compile time Apr 13 2025 20:11:59[0m
[0;32mI (29) boot: Multicore bootloader[0m
[0;32mI (31) boot: chip revision: v3.1[0m
[0;32mI (34) boot.esp32: SPI Speed      : 40MHz[0m
[0;32mI (38) boot.esp32: SPI Mode       : DIO[0m
[0;32mI (41) boot.esp32: SPI Flash Size : 4MB[0m
[0;32mI (45) boot: Enabling RNG early entropy source...[0m
[0;32mI (49) boot: Partition Table:[0m
[0;32mI (52) boot: ## Label            Usage          Type ST Offset   Length[0m
[0;32mI (58) boot:  0 nvs              WiFi data        01 02 00009000 00006000[0m
[0;32mI (65) boot:  1 phy_init         RF data          01 01 0000f000 00001000[0m
[0;32mI (71) boot:  2 factory          factory app      00 00 00010000 00100000[0m
[0;32mI (78) boot:  3 ota_0            OTA app          00 10 00110000 00100000[0m
[0;32mI (84) boot:  4 ota_1            OTA app          00 11 00210000 00100000[0m
[0;32mI (91) boot:  5 otadata          OTA data         01 00 00310000 00002000[0m
[0;32mI (97) boot:  6 spiffs           Unknown data     01 82 00312000 00050000[0m
[0;32mI (104) boot: End of partition table[0m
[0;32mI (107) boot: Defaulting to factory image[0m
[0;32mI (111) esp_image: segment 0: paddr=00010020 vaddr=3f400020 size=123c4h ( 74692) map[0m
[0;32mI (144) esp_image: segment 1: paddr=000223ec vaddr=3ff80000 size=0001ch (    28) load[0m
[0;32mI (144) esp_image: segment 2: paddr=00022410 vaddr=3ffbdb60 size=04d60h ( 19808) load[0m
[0;32mI (155) esp_image: segment 3: paddr=00027178 vaddr=40080000 size=08ea0h ( 36512) load[0m
[0;32mI (170) esp_image: segment 4: paddr=00030020 vaddr=400d0020 size=5b4e0h (373984) map[0m
[0;32mI (298) esp_image: segment 5: paddr=0008b508 vaddr=40088ea0 size=0ebech ( 60396) load[0m
[0;32mI (333) boot: Loaded app from partition at offset 0x10000[0m
[0;32mI (333) boot: Disabling RNG early entropy source...[0m
[0;32mI (343) cpu_start: Multicore app[0m
[0;32mI (352) cpu_start: Pro cpu start user code[0m
[0;32mI (352) cpu_start: cpu freq: 160000000 Hz[0m
[0;32mI (352) app_init: Application information:[0m
[0;32mI (352) app_init: Project name:     nimble_gatt_server[0m
[0;32mI (357) app_init: App version:      1[0m
[0;32mI (360) app_init: Compile time:     Apr 13 2025 20:12:01[0m
[0;32mI (365) app_init: ELF file SHA256:  03b413751...[0m
[0;32mI (369) app_init: ESP-IDF:          v5.4-dirty[0m
[0;32mI (374) efuse_init: Min chip rev:     v0.0[0m
[0;32mI (377) efuse_init: Max chip rev:     v3.99 [0m
[0;32mI (381) efuse_init: Chip rev:         v3.1[0m
[0;32mI (386) heap_init: Initializing. RAM available for dynamic allocation:[0m
[0;32mI (392) heap_init: At 3FFAFF10 len 000000F0 (0 KiB): DRAM[0m
[0;32mI (397) heap_init: At 3FFB6388 len 00001C78 (7 KiB): DRAM[0m
[0;32mI (402) heap_init: At 3FFB9A20 len 00004108 (16 KiB): DRAM[0m
[0;32mI (407) heap_init: At 3FFC5968 len 0001A698 (105 KiB): DRAM[0m
I (412) heap_init: At 3FFE0440 len 00003AE0 (14 KiB): D/IRAM
[0;32mI (418) heap_init: At 3FFE4350 len 0001BCB0 (111 KiB): D/IRAM[0m
[0;32mI (423) heap_init: At 40097A8C len 00008574 (33 KiB): IRAM[0m
[0;32mI (430) spi_flash: detected chip: generic[0m
[0;32mI (432) spi_flash: flash io: dio[0m
[0;32mI (436) coexist: coex firmware version: 49a8cdc[0m
[0;32mI (440) main_task: Started on CPU0[0m
[0;32mI (450) main_task: Calling app_main()[0m
[0;32mI (450) NimBLE_GATT_Server: example configured to blink gpio led![0m
[0;32mI (450) gpio: GPIO[13]| InputEn: 0| OutputEn: 0| OpenDrain: 0| Pullup: 1| Pulldown: 0| Intr:0 [0m
[0;32mI (480) NimBLE_GATT_Server: SPIFFS mounted. Total: 293921 bytes, Used: 251 bytes[0m
[0;32mI (480) NimBLE_GATT_Server: Ensured upload.txt exists[0m
[0;32mI (490) BTDM_INIT: BT controller compile version [20b459d][0m
[0;32mI (500) BTDM_INIT: Bluetooth MAC: 14:2b:2f:da:dc:5e[0m
[0;32mI (500) phy_init: phy_version 4840,02e0d70,Sep  2 2024,19:39:07[0m

Success!
Guru Meditation Error: Core  0 panic'ed (LoadProhibited). Exception was unhandled.

Core  0 register dump:
PC      : 0x400efe51  PS      : 0x00060030  A0      : 0x800f034a  A1      : 0x3ffcca80  
A2      : 0x9078d326  A3      : 0x00000000  A4      : 0x00000000  A5      : 0x3ffccbd0  
A6      : 0x3ffc5968  A7      : 0x3ffb6708  A8      : 0x800f0b10  A9      : 0x3ffcca40  
A10     : 0x00000000  A11     : 0x3ffccb68  A12     : 0x00000020  A13     : 0x3ffccdf4  
A14     : 0x3f420000  A15     : 0x00030a90  SAR     : 0x0000001c  EXCCAUSE: 0x0000001c  
EXCVADDR: 0x9078d332  LBEG    : 0x4000c2e0  LEND    : 0x4000c2f6  LCOUNT  : 0xffffffff  


Backtrace: 0x400efe4e:0x3ffcca80 0x400f0347:0x3ffccbb0 0x400d81c7:0x3ffccbd0 0x400904c9:0x3ffccc00




ELF file SHA256: 03b413751

Rebooting...
ets Jul 29 2019 12:21:46

rst:0xc (SW_CPU_RESET),boot:0x13 (SPI_FAST_FLASH_BOOT)
configsip: 0, SPIWP:0xee
clk_drv:0x00,q_drv:0x00,d_drv:0x00,cs0_drv:0x00,hd_drv:0x00,wp_drv:0x00
mode:DIO, clock div:2
load:0x3fff0030,len:6584
load:0x40078000,len:16116
load:0x40080400,len:4
load:0x40080404,len:4708
entry 0x400806a8
[0;32mI (29) boot: ESP-IDF v5.4-dirty 2nd stage bootloader[0m
[0;32mI (29) boot: compile time Apr 13 2025 20:11:59[0m
[0;32mI (29) boot: Multicore bootloader[0m
[0;32mI (31) boot: chip revision: v3.1[0m
[0;32mI (34) boot.esp32: SPI Speed      : 40MHz[0m
[0;32mI (38) boot.esp32: SPI Mode       : DIO[0m
[0;32mI (41) boot.esp32: SPI Flash Size : 4MB[0m
[0;32mI (45) boot: Enabling RNG early entropy source...[0m
[0;32mI (49) boot: Partition Table:[0m
[0;32mI (52) boot: ## Label            Usage          Type ST Offset   Length[0m
[0;32mI (58) boot:  0 nvs              WiFi data        01 02 00009000 00006000[0m
[0;32mI (65) boot:  1 phy_init         RF data          01 01 0000f000 00001000[0m
[0;32mI (71) boot:  2 factory          factory app      00 00 00010000 00100000[0m
[0;32mI (78) boot:  3 ota_0            OTA app          00 10 00110000 00100000[0m
[0;32mI (84) boot:  4 ota_1            OTA app          00 11 00210000 00100000[0m
[0;32mI (91) boot:  5 otadata          OTA data         01 00 00310000 00002000[0m
[0;32mI (97) boot:  6 spiffs           Unknown data     01 82 00312000 00050000[0m
[0;32mI (104) boot: End of partition table[0m
[0;32mI (107) boot: Defaulting to factory image[0m
[0;32mI (111) esp_image: segment 0: paddr=00010020 vaddr=3f400020 size=123c4h ( 74692) map[0m
[0;32mI (144) esp_image: segment 1: paddr=000223ec vaddr=3ff80000 size=0001ch (    28) load[0m
[0;32mI (144) esp_image: segment 2: paddr=00022410 vaddr=3ffbdb60 size=04d60h ( 19808) load[0m
[0;32mI (155) esp_image: segment 3: paddr=00027178 vaddr=40080000 size=08ea0h ( 36512) load[0m
[0;32mI (170) esp_image: segment 4: paddr=00030020 vaddr=400d0020 size=5b4e0h (373984) map[0m
[0;32mI (298) esp_image: segment 5: paddr=0008b508 vaddr=40088ea0 size=0ebech ( 60396) load[0m
[0;32mI (333) boot: Loaded app from partition at offset 0x10000[0m
[0;32mI (333) boot: Disabling RNG early entropy source...[0m
[0;32mI (343) cpu_start: Multicore app[0m
[0;32mI (352) cpu_start: Pro cpu start user code[0m
[0;32mI (352) cpu_start: cpu freq: 160000000 Hz[0m
[0;32mI (352) app_init: Application information:[0m
[0;32mI (352) app_init: Project name:     nimble_gatt_server[0m
[0;32mI (357) app_init: App version:      1[0m
[0;32mI (360) app_init: Compile time:     Apr 13 2025 20:12:01[0m
[0;32mI (365) app_init: ELF file SHA256:  03b413751...[0m
[0;32mI (369) app_init: ESP-IDF:          v5.4-dirty[0m
[0;32mI (374) efuse_init: Min chip rev:     v0.0[0m
[0;32mI (377) efuse_init: Max chip rev:     v3.99 [0m
[0;32mI (381) efuse_init: Chip rev:         v3.1[0m
[0;32mI (386) heap_init: Initializing. RAM available for dynamic allocation:[0m
[0;32mI (392) heap_init: At 3FFAFF10 len 000000F0 (0 KiB): DRAM[0m
[0;32mI (397) heap_init: At 3FFB6388 len 00001C78 (7 KiB): DRAM[0m
[0;32mI (402) heap_init: At 3FFB9A20 len 00004108 (16 KiB): DRAM[0m
[0;32mI (407) heap_init: At 3FFC5968 len 0001A698 (105 KiB): DRAM[0m
[0;32mI (412) heap_init: At 3FFE0440 len 00003AE0 (14 KiB): D/IRAM[0m
[0;32mI (418) heap_init: At 3FFE4350 len 0001BCB0 (111 KiB): D/IRAM[0m
[0;32mI (423) heap_init: At 40097A8C len 00008574 (33 KiB): IRAM[0m
[0;32mI (430) spi_flash: detected chip: generic[0m
[0;32mI (432) spi_flash: flash io: dio[0m
[0;32mI (436) coexist: coex firmware version: 49a8cdc[0m
[0;32mI (440) main_task: Started on CPU0[0m
[0;32mI (450) main_task: Calling app_main()[0m
[0;32mI (450) NimBLE_GATT_Server: example configured to blink gpio led![0m
[0;32mI (450) gpio: GPIO[13]| InputEn: 0| OutputEn: 0| OpenDrain: 0| Pullup: 1| Pulldown: 0| Intr:0 [0m
[0;32mI (480) NimBLE_GATT_Server: SPIFFS mounted. Total: 293921 bytes, Used: 251 bytes[0m
[0;32mI (480) NimBLE_GATT_Server: Ensured upload.txt exists[0m
[0;32mI (490) BTDM_INIT: BT controller compile version [20b459d][0m
[0;32mI (500) BTDM_INIT: Bluetooth MAC: 14:2b:2f:da:dc:5e[0m
[0;32mI (500) phy_init: phy_version 4840,02e0d70,Sep  2 2024,19:39:07[0m

Success!
Guru Meditation Error: Core  0 panic'ed (LoadProhibited). Exception was unhandled.

Core  0 register dump:
PC      : 0x400efe51  PS      : 0x00060030  A0      : 0x800f034a  A1      : 0x3ffcca80  
A2      : 0x9078d326  A3      : 0x00000000  A4      : 0x00000000  A5      : 0x3ffccbd0  
A6      : 0x3ffc5968  A7      : 0x3ffb6708  A8      : 0x800f0b10  A9      : 0x3ffcca40  
A10     : 0x00000000  A11     : 0x3ffccb68  A12     : 0x00000020  A13     : 0x3ffccdf4  
A14     : 0x3f420000  A15     : 0x00030a90  SAR     : 0x0000001c  EXCCAUSE: 0x0000001c  
EXCVADDR: 0x9078d332  LBEG    : 0x4000c2e0  LEND    : 0x4000c2f6  LCOUNT  : 0xffffffff  


Backtrace: 0x400efe4e:0x3ffcca80 0x400f0347:0x3ffccbb0 0x400d81c7:0x3ffccbd0 0x400904c9:0x3ffccc00




ELF file SHA256: 03b413751

Rebooting...
ets Jul 29 2019 12:21:46

rst:0xc (SW_CPU_RESET),boot:0x13 (SPI_FAST_FLASH_BOOT)
configsip: 0, SPIWP:0xee
clk_drv:0x00,q_drv:0x00,d_drv:0x00,cs0_drv:0x00,hd_drv:0x00,wp_drv:0x00
mode:DIO, clock div:2
load:0x3fff0030,len:6584
load:0x40078000,len:16116
load:0x40080400,len:4
load:0x40080404,len:4708
entry 0x400806a8
[0;32mI (29) boot: ESP-IDF v5.4-dirty 2nd stage bootloader[0m
[0;32mI (29) boot: compile time Apr 13 2025 20:11:59[0m
[0;32mI (29) boot: Multicore bootloader[0m
[0;32mI (31) boot: chip revision: v3.1[0m
[0;32mI (34) boot.esp32: SPI Speed      : 40MHz[0m
[0;32mI (38) boot.esp32: SPI Mode       : DIO[0m
[0;32mI (41) boot.esp32: SPI Flash Size : 4MB[0m
[0;32mI (45) boot: Enabling RNG early entropy source...[0m
[0;32mI (49) boot: Partition Table:[0m
[0;32mI (52) boot: ## Label            Usage          Type ST Offset   Length[0m
[0;32mI (58) boot:  0 nvs              WiFi data        01 02 00009000 00006000[0m
[0;32mI (65) boot:  1 phy_init         RF data          01 01 0000f000 00001000[0m
[0;32mI (71) boot:  2 factory          factory app      00 00 00010000 00100000[0m
[0;32mI (78) boot:  3 ota_0            OTA app          00 10 00110000 00100000[0m
[0;32mI (84) boot:  4 ota_1            OTA app          00 11 00210000 00100000[0m
[0;32mI (91) boot:  5 otadata          OTA data         01 00 00310000 00002000[0m
[0;32mI (97) boot:  6 spiffs           Unknown data     01 82 00312000 00050000[0m
[0;32mI (104) boot: End of partition table[0m
[0;32mI (107) boot: Defaulting to factory image[0m
[0;32mI (111) esp_image: segment 0: paddr=00010020 vaddr=3f400020 size=123c4h ( 74692) map[0m
[0;32mI (144) esp_image: segment 1: paddr=000223ec vaddr=3ff80000 size=0001ch (    28) load[0m
[0;32mI (144) esp_image: segment 2: paddr=00022410 vaddr=3ffbdb60 size=04d60h ( 19808) load[0m
[0;32mI (155) esp_image: segment 3: paddr=00027178 vaddr=40080000 size=08ea0h ( 36512) load[0m
[0;32mI (170) esp_image: segment 4: paddr=00030020 vaddr=400d0020 size=5b4e0h (373984) map[0m
[0;32mI (298) esp_image: segment 5: paddr=0008b508 vaddr=40088ea0 size=0ebech ( 60396) load[0m
[0;32mI (333) boot: Loaded app from partition at offset 0x10000[0m
[0;32mI (333) boot: Disabling RNG early entropy source...[0m
[0;32mI (343) cpu_start: Multicore app[0m
[0;32mI (352) cpu_start: Pro cpu start user code[0m
[0;32mI (352) cpu_start: cpu freq: 160000000 Hz[0m
[0;32mI (352) app_init: Application information:[0m
[0;32mI (352) app_init: Project name:     nimble_gatt_server[0m
[0;32mI (357) app_init: App version:      1[0m
[0;32mI (360) app_init: Compile time:     Apr 13 2025 20:12:01[0m
[0;32mI (365) app_init: ELF file SHA256:  03b413751...[0m
[0;32mI (369) app_init: ESP-IDF:          v5.4-dirty[0m
[0;32mI (374) efuse_init: Min chip rev:     v0.0[0m
[0;32mI (377) efuse_init: Max chip rev:     v3.99 [0m
[0;32mI (381) efuse_init: Chip rev:         v3.1[0m
[0;32mI (386) heap_init: Initializing. RAM available for dynamic allocation:[0m
[0;32mI (392) heap_init: At 3FFAFF10 len 000000F0 (0 KiB): DRAM[0m
[0;32mI (397) heap_init: At 3FFB6388 len 00001C78 (7 KiB): DRAM[0m
[0;32mI (402) heap_init: At 3FFB9A20 len 00004108 (16 KiB): DRAM[0m
[0;32mI (407) heap_init: At 3FFC5968 len 0001A698 (105 KiB): DRAM[0m
[0;32mI (412) heap_init: At 3FFE0440 len 00003AE0 (14 KiB): D/IRAM[0m
[0;32mI (418) heap_init: At 3FFE4350 len 0001BCB0 (111 KiB): D/IRAM[0m
[0;32mI (423) heap_init: At 40097A8C len 00008574 (33 KiB): IRAM[0m
[0;32mI (430) spi_flash: detected chip: generic[0m
[0;32mI (432) spi_flash: flash io: dio[0m
[0;32mI (436) coexist: coex firmware version: 49a8cdc[0m
[0;32mI (440) main_task: Started on CPU0[0m
[0;32mI (450) main_task: Calling app_main()[0m
[0;32mI (450) NimBLE_GATT_Server: example configured to blink gpio led![0m
[0;32mI (450) gpio: GPIO[13]| InputEn: 0| OutputEn: 0| OpenDrain: 0| Pullup: 1| Pulldown: 0| Intr:0 [0m
[0;32mI (480) NimBLE_GATT_Server: SPIFFS mounted. Total: 293921 bytes, Used: 251 bytes[0m
[0;32mI (480) NimBLE_GATT_Server: Ensured upload.txt exists[0m
[0;32mI (490) BTDM_INIT: BT controller compile version [20b459d][0m
[0;32mI (500) BTDM_INIT: Bluetooth MAC: 14:2b:2f:da:dc:5e[0m
[0;32mI (500) phy_init: phy_version 4840,02e0d70,Sep  2 2024,19:39:07[0m

Success!
Guru Meditation Error: Core  0 panic'ed (LoadProhibited). Exception was unhandled.

Core  0 register dump:
PC      : 0x400efe51  PS      : 0x00060030  A0      : 0x800f034a  A1      : 0x3ffcca80  
A2      : 0x9078d326  A3      : 0x00000000  A4      : 0x00000000  A5      : 0x3ffccbd0  
A6      : 0x3ffc5968  A7      : 0x3ffb6708  A8      : 0x800f0b10  A9      : 0x3ffcca40  
A10     : 0x00000000  A11     : 0x3ffccb68  A12     : 0x00000020  A13     : 0x3ffccdf4  
A14     : 0x3f420000  A15     : 0x00030a90  SAR     : 0x0000001c  EXCCAUSE: 0x0000001c  
EXCVADDR: 0x9078d332  LBEG    : 0x4000c2e0  LEND    : 0x4000c2f6  LCOUNT  : 0xffffffff  


Backtrace: 0x400efe4e:0x3ffcca80 0x400f0347:0x3ffccbb0 0x400d81c7:0x3ffccbd0 0x400904c9:0x3ffccc00




ELF file SHA256: 03b413751

Rebooting...
ets Jul 29 2019 12:21:46

rst:0xc (SW_CPU_RESET),boot:0x13 (SPI_FAST_FLASH_BOOT)
configsip: 0, SPIWP:0xee
clk_drv:0x00,q_drv:0x00,d_drv:0x00,cs0_drv:0x00,hd_drv:0x00,wp_drv:0x00
mode:DIO, clock div:2
load:0x3fff0030,len:6584
load:0x40078000,len:16116
load:0x40080400,len:4
load:0x40080404,len:4708
entry 0x400806a8
[0;32mI (29) boot: ESP-IDF v5.4-dirty 2nd stage bootloader[0m
[0;32mI (29) boot: compile time Apr 13 2025 20:11:59[0m
[0;32mI (29) boot: Multicore bootloader[0m
[0;32mI (31) boot: chip revision: v3.1[0m
[0;32mI (34) boot.esp32: SPI Speed      : 40MHz[0m
[0;32mI (38) boot.esp32: SPI Mode       : DIO[0m
[0;32mI (41) boot.esp32: SPI Flash Size : 4MB[0m
[0;32mI (45) boot: Enabling RNG early entropy source...[0m
[0;32mI (49) boot: Partition Table:[0m
[0;32mI (52) boot: ## Label            Usage          Type ST Offset   Length[0m
[0;32mI (58) boot:  0 nvs              WiFi data        01 02 00009000 00006000[0m
[0;32mI (65) boot:  1 phy_init         RF data          01 01 0000f000 00001000[0m
[0;32mI (71) boot:  2 factory          factory app      00 00 00010000 00100000[0m
[0;32mI (78) boot:  3 ota_0            OTA app          00 10 00110000 00100000[0m
[0;32mI (84) boot:  4 ota_1            OTA app          00 11 00210000 00100000[0m
[0;32mI (91) boot:  5 otadata          OTA data         01 00 00310000 00002000[0m
[0;32mI (97) boot:  6 spiffs           Unknown data     01 82 00312000 00050000[0m
[0;32mI (104) boot: End of partition table[0m
[0;32mI (107) boot: Defaulting to factory image[0m
[0;32mI (111) esp_image: segment 0: paddr=00010020 vaddr=3f400020 size=123c4h ( 74692) map[0m
[0;32mI (144) esp_image: segment 1: paddr=000223ec vaddr=3ff80000 size=0001ch (    28) load[0m
[0;32mI (144) esp_image: segment 2: paddr=00022410 vaddr=3ffbdb60 size=04d60h ( 19808) load[0m
[0;32mI (155) esp_image: segment 3: paddr=00027178 vaddr=40080000 size=08ea0h ( 36512) load[0m
[0;32mI (170) esp_image: segment 4: paddr=00030020 vaddr=400d0020 size=5b4e0h (373984) map[0m
[0;32mI (298) esp_image: segment 5: paddr=0008b508 vaddr=40088ea0 size=0ebech ( 60396) load[0m
[0;32mI (333) boot: Loaded app from partition at offset 0x10000[0m
[0;32mI (333) boot: Disabling RNG early entropy source...[0m
[0;32mI (343) cpu_start: Multicore app[0m
[0;32mI (352) cpu_start: Pro cpu start user code[0m
[0;32mI (352) cpu_start: cpu freq: 160000000 Hz[0m
[0;32mI (352) app_init: Application information:[0m
[0;32mI (352) app_init: Project name:     nimble_gatt_server[0m
[0;32mI (357) app_init: App version:      1[0m
[0;32mI (360) app_init: Compile time:     Apr 13 2025 20:12:01[0m
[0;32mI (365) app_init: ELF file SHA256:  03b413751...[0m
[0;32mI (369) app_init: ESP-IDF:          v5.4-dirty[0m
[0;32mI (374) efuse_init: Min chip rev:     v0.0[0m
[0;32mI (377) efuse_init: Max chip rev:     v3.99 [0m
[0;32mI (381) efuse_init: Chip rev:         v3.1[0m
[0;32mI (386) heap_init: Initializing. RAM available for dynamic allocation:[0m
[0;32mI (392) heap_init: At 3FFAFF10 len 000000F0 (0 KiB): DRAM[0m
[0;32mI (397) heap_init: At 3FFB6388 len 00001C78 (7 KiB): DRAM[0m
[0;32mI (402) heap_init: At 3FFB9A20 len 00004108 (16 KiB): DRAM[0m
[0;32mI (407) heap_init: At 3FFC5968 len 0001A698 (105 KiB): DRAM[0m
[0;32mI (412) heap_init: At 3FFE0440 len 00003AE0 (14 KiB): D/IRAM[0m
[0;32mI (418) heap_init: At 3FFE4350 len 0001BCB0 (111 KiB): D/IRAM[0m
[0;32mI (423) heap_init: At 40097A8C len 00008574 (33 KiB): IRAM[0m
[0;32mI (430) spi_flash: detected chip: generic[0m
[0;32mI (432) spi_flash: flash io: dio[0m
[0;32mI (436) coexist: coex firmware version: 49a8cdc[0m
[0;32mI (440) main_task: Started on CPU0[0m
[0;32mI (450) main_task: Calling app_main()[0m
[0;32mI (450) NimBLE_GATT_Server: example configured to blink gpio led![0m
[0;32mI (450) gpio: GPIO[13]| InputEn: 0| OutputEn: 0| OpenDrain: 0| Pullup: 1| Pulldown: 0| Intr:0 [0m
[0;32mI (480) NimBLE_GATT_Server: SPIFFS mounted. Total: 293921 bytes, Used: 251 bytes[0m
[0;32mI (480) NimBLE_GATT_Server: Ensured upload.txt exists[0m
[0;32mI (490) BTDM_INIT: BT controller compile version [20b459d][0m
[0;32mI (500) BTDM_INIT: Bluetooth MAC: 14:2b:2f:da:dc:5e[0m
[0;32mI (500) phy_init: phy_version 4840,02e0d70,Sep  2 2024,19:39:07[0m

Success!
Guru Meditation Error: Core  0 panic'ed (LoadProhibited). Exception was unhandled.

Core  0 register dump:
PC      : 0x400efe51  PS      : 0x00060030  A0      : 0x800f034a  A1      : 0x3ffcca80  
A2      : 0x9078d326  A3      : 0x00000000  A4      : 0x00000000  A5      : 0x3ffccbd0  
A6      : 0x3ffc5968  A7      : 0x3ffb6708  A8      : 0x800f0b10  A9      : 0x3ffcca40  
A10     : 0x00000000  A11     : 0x3ffccb68  A12     : 0x00000020  A13     : 0x3ffccdf4  
A14     : 0x3f420000  A15     : 0x00030a90  SAR     : 0x0000001c  EXCCAUSE: 0x0000001c  
EXCVADDR: 0x9078d332  LBEG    : 0x4000c2e0  LEND    : 0x4000c2f6  LCOUNT  : 0xffffffff  


Backtrace: 0x400efe4e:0x3ffcca80 0x400f0347:0x3ffccbb0 0x400d81c7:0x3ffccbd0 0x400904c9:0x3ffccc00




ELF file SHA256: 03b413751

Rebooting...
ets Jul 29 2019 12:21:46

rst:0xc (SW_CPU_RESET),boot:0x13 (SPI_FAST_FLASH_BOOT)
configsip: 0, SPIWP:0xee
clk_drv:0x00,q_drv:0x00,d_drv:0x00,cs0_drv:0x00,hd_drv:0x00,wp_drv:0x00
mode:DIO, clock div:2
load:0x3fff0030,len:6584
load:0x40078000,len:16116
load:0x40080400,len:4
load:0x40080404,len:4708
entry 0x400806a8
[0;32mI (29) boot: ESP-IDF v5.4-dirty 2nd stage bootloader[0m
[0;32mI (29) boot: compile time Apr 13 2025 20:11:59[0m
[0;32mI (29) boot: Multicore bootloader[0m
[0;32mI (31) boot: chip revision: v3.1[0m
[0;32mI (34) boot.esp32: SPI Speed      : 40MHz[0m
[0;32mI (38) boot.esp32: SPI Mode       : DIO[0m
[0;32mI (41) boot.esp32: SPI Flash Size : 4MB[0m
[0;32mI (45) boot: Enabling RNG early entropy source...[0m
[0;32mI (49) boot: Partition Table:[0m
[0;32mI (52) boot: ## Label            Usage          Type ST Offset   Length[0m
[0;32mI (58) boot:  0 nvs              WiFi data        01 02 00009000 00006000[0m
[0;32mI (65) boot:  1 phy_init         RF data          01 01 0000f000 00001000[0m
[0;32mI (71) boot:  2 factory          factory app      00 00 00010000 00100000[0m
[0;32mI (78) boot:  3 ota_0            OTA app          00 10 00110000 00100000[0m
[0;32mI (84) boot:  4 ota_1            OTA app          00 11 00210000 00100000[0m
[0;32mI (91) boot:  5 otadata          OTA data         01 00 00310000 00002000[0m
[0;32mI (97) boot:  6 spiffs           Unknown data     01 82 00312000 00050000[0m
[0;32mI (104) boot: End of partition table[0m
[0;32mI (107) boot: Defaulting to factory image[0m
[0;32mI (111) esp_image: segment 0: paddr=00010020 vaddr=3f400020 size=123c4h ( 74692) map[0m
[0;32mI (144) esp_image: segment 1: paddr=000223ec vaddr=3ff80000 size=0001ch (    28) load[0m
[0;32mI (144) esp_image: segment 2: paddr=00022410 vaddr=3ffbdb60 size=04d60h ( 19808) load[0m
[0;32mI (155) esp_image: segment 3: paddr=00027178 vaddr=40080000 size=08ea0h ( 36512) load[0m
[0;32mI (170) esp_image: segment 4: paddr=00030020 vaddr=400d0020 size=5b4e0h (373984) map[0m
[0;32mI (298) esp_image: segment 5: paddr=0008b508 vaddr=40088ea0 size=0ebech ( 60396) load[0m
[0;32mI (333) boot: Loaded app from partition at offset 0x10000[0m
[0;32mI (333) boot: Disabling RNG early entropy source...[0m
[0;32mI (343) cpu_start: Multicore app[0m
[0;32mI (352) cpu_start: Pro cpu start user code[0m
[0;32mI (352) cpu_start: cpu freq: 160000000 Hz[0m
[0;32mI (352) app_init: Application information:[0m
[0;32mI (352) app_init: Project name:     nimble_gatt_server[0m
[0;32mI (357) app_init: App version:      1[0m
[0;32mI (360) app_init: Compile time:     Apr 13 2025 20:12:01[0m
[0;32mI (365) app_init: ELF file SHA256:  03b413751...[0m
[0;32mI (369) app_init: ESP-IDF:          v5.4-dirty[0m
[0;32mI (374) efuse_init: Min chip rev:     v0.0[0m
[0;32mI (377) efuse_init: Max chip rev:     v3.99 [0m
[0;32mI (381) efuse_init: Chip rev:         v3.1[0m
[0;32mI (386) heap_init: Initializing. RAM available for dynamic allocation:[0m
[0;32mI (392) heap_init: At 3FFAFF10 len 000000F0 (0 KiB): DRAM[0m
[0;32mI (397) heap_init: At 3FFB6388 len 00001C78 (7 KiB): DRAM[0m
[0;32mI (402) heap_init: At 3FFB9A20 len 00004108 (16 KiB): DRAM[0m
[0;32mI (407) heap_init: At 3FFC5968 len 0001A698 (105 KiB): DRAM[0m
[0;32mI (412) heap_init: At 3FFE0440 len 00003AE0 (14 KiB): D/IRAM[0m
[0;32mI (418) heap_init: At 3FFE4350 len 0001BCB0 (111 KiB): D/IRAM[0m
[0;32mI (423) heap_init: At 40097A8C len 00008574 (33 KiB): IRAM[0m
[0;32mI (430) spi_flash: detected chip: generic[0m
[0;32mI (432) spi_flash: flash io: dio[0m
[0;32mI (436) coexist: coex firmware version: 49a8cdc[0m
[0;32mI (440) main_task: Started on CPU0[0m
[0;32mI (450) main_task: Calling app_main()[0m
[0;32mI (450) NimBLE_GATT_Server: example configured to blink gpio led![0m
[0;32mI (450) gpio: GPIO[13]| InputEn: 0| OutputEn: 0| OpenDrain: 0| Pullup: 1| Pulldown: 0| Intr:0 [0m
[0;32mI (480) NimBLE_GATT_Server: SPIFFS mounted. Total: 293921 bytes, Used: 251 bytes[0m
[0;32mI (480) NimBLE_GATT_Server: Ensured upload.txt exists[0m
[0;32mI (490) BTDM_INIT: BT controller compile version [20b459d][0m
[0;32mI (500) BTDM_INIT: Bluetooth MAC: 14:2b:2f:da:dc:5e[0m
[0;32mI (500) phy_init: phy_version 4840,02e0d70,Sep  2 2024,19:39:07[0m

Success!
Guru Meditation Error: Core  0 panic'ed (LoadProhibited). Exception was unhandled.

Core  0 register dump:
PC      : 0x400efe51  PS      : 0x00060030  A0      : 0x800f034a  A1      : 0x3ffcca80  
A2      : 0x9078d326  A3      : 0x00000000  A4      : 0x00000000  A5      : 0x3ffccbd0  
A6      : 0x3ffc5968  A7      : 0x3ffb6708  A8      : 0x800f0b10  A9      : 0x3ffcca40  
A10     : 0x00000000  A11     : 0x3ffccb68  A12     : 0x00000020  A13     : 0x3ffccdf4  
A14     : 0x3f420000  A15     : 0x00030a90  SAR     : 0x0000001c  EXCCAUSE: 0x0000001c  
EXCVADDR: 0x9078d332  LBEG    : 0x4000c2e0  LEND    : 0x4000c2f6  LCOUNT  : 0xffffffff  


Backtrace: 0x400efe4e:0x3ffcca80 0x400f0347:0x3ffccbb0 0x400d81c7:0x3ffccbd0 0x400904c9:0x3ffccc00




ELF file SHA256: 03b413751

Rebooting...
ets Jul 29 2019 12:21:46

rst:0xc (SW_CPU_RESET),boot:0x13 (SPI_FAST_FLASH_BOOT)
configsip: 0, SPIWP:0xee
clk_drv:0x00,q_drv:0x00,d_drv:0x00,cs0_drv:0x00,hd_drv:0x00,wp_drv:0x00
mode:DIO, clock div:2
load:0x3fff0030,len:6584
load:0x40078000,len:16116
load:0x40080400,len:4
load:0x40080404,len:4708
entry 0x400806a8
[0;32mI (29) boot: ESP-IDF v5.4-dirty 2nd stage bootloader[0m
[0;32mI (29) boot: compile time Apr 13 2025 20:11:59[0m
[0;32mI (29) boot: Multicore bootloader[0m
[0;32mI (31) boot: chip revision: v3.1[0m
[0;32mI (34) boot.esp32: SPI Speed      : 40MHz[0m
[0;32mI (38) boot.esp32: SPI Mode       : DIO[0m
[0;32mI (41) boot.esp32: SPI Flash Size : 4MB[0m
[0;32mI (45) boot: Enabling RNG early entropy source...[0m
[0;32mI (49) boot: Partition Table:[0m
[0;32mI (52) boot: ## Label            Usage          Type ST Offset   Length[0m
[0;32mI (58) boot:  0 nvs              WiFi data        01 02 00009000 00006000[0m
[0;32mI (65) boot:  1 phy_init         RF data          01 01 0000f000 00001000[0m
[0;32mI (71) boot:  2 factory          factory app      00 00 00010000 00100000[0m
[0;32mI (78) boot:  3 ota_0            OTA app          00 10 00110000 00100000[0m
[0;32mI (84) boot:  4 ota_1            OTA app          00 11 00210000 00100000[0m
[0;32mI (91) boot:  5 otadata          OTA data         01 00 00310000 00002000[0m
[0;32mI (97) boot:  6 spiffs           Unknown data     01 82 00312000 00050000[0m
[0;32mI (104) boot: End of partition table[0m
[0;32mI (107) boot: Defaulting to factory image[0m
[0;32mI (111) esp_image: segment 0: paddr=00010020 vaddr=3f400020 size=123c4h ( 74692) map[0m
[0;32mI (144) esp_image: segment 1: paddr=000223ec vaddr=3ff80000 size=0001ch (    28) load[0m
[0;32mI (144) esp_image: segment 2: paddr=00022410 vaddr=3ffbdb60 size=04d60h ( 19808) load[0m
[0;32mI (155) esp_image: segment 3: paddr=00027178 vaddr=40080000 size=08ea0h ( 36512) load[0m
[0;32mI (170) esp_image: segment 4: paddr=00030020 vaddr=400d0020 size=5b4e0h (373984) map[0m
[0;32mI (298) esp_image: segment 5: paddr=0008b508 vaddr=40088ea0 size=0ebech ( 60396) load[0m
[0;32mI (333) boot: Loaded app from partition at offset 0x10000[0m
[0;32mI (333) boot: Disabling RNG early entropy source...[0m
[0;32mI (343) cpu_start: Multicore app[0m
[0;32mI (352) cpu_start: Pro cpu start user code[0m
[0;32mI (352) cpu_start: cpu freq: 160000000 Hz[0m
[0;32mI (352) app_init: Application information:[0m
[0;32mI (352) app_init: Project name:     nimble_gatt_server[0m
[0;32mI (357) app_init: App version:      1[0m
[0;32mI (360) app_init: Compile time:     Apr 13 2025 20:12:01[0m
[0;32mI (365) app_init: ELF file SHA256:  03b413751...[0m
[0;32mI (369) app_init: ESP-IDF:          v5.4-dirty[0m
[0;32mI (374) efuse_init: Min chip rev:     v0.0[0m
[0;32mI (377) efuse_init: Max chip rev:     v3.99 [0m
[0;32mI (381) efuse_init: Chip rev:         v3.1[0m
[0;32mI (386) heap_init: Initializing. RAM available for dynamic allocation:[0m
[0;32mI (392) heap_init: At 3FFAFF10 len 000000F0 (0 KiB): DRAM[0m
[0;32mI (397) heap_init: At 3FFB6388 len 00001C78 (7 KiB): DRAM[0m
[0;32mI (402) heap_init: At 3FFB9A20 len 00004108 (16 KiB): DRAM[0m
[0;32mI (407) heap_init: At 3FFC5968 len 0001A698 (105 KiB): DRAM[0m
[0;32mI (412) heap_init: At 3FFE0440 len 00003AE0 (14 KiB): D/IRAM[0m
[0;32mI (418) heap_init: At 3FFE4350 len 0001BCB0 (111 KiB): D/IRAM[0m
[0;32mI (423) heap_init: At 40097A8C len 00008574 (33 KiB): IRAM[0m
[0;32mI (430) spi_flash: detected chip: generic[0m
[0;32mI (432) spi_flash: flash io: dio[0m
[0;32mI (436) coexist: coex firmware version: 49a8cdc[0m
[0;32mI (440) main_task: Started on CPU0[0m
[0;32mI (450) main_task: Calling app_main()[0m
[0;32mI (450) NimBLE_GATT_Server: example configured to blink gpio led![0m
[0;32mI (450) gpio: GPIO[13]| InputEn: 0| OutputEn: 0| OpenDrain: 0| Pullup: 1| Pulldown: 0| Intr:0 [0m
[0;32mI (480) NimBLE_GATT_Server: SPIFFS mounted. Total: 293921 bytes, Used: 251 bytes[0m
[0;32mI (480) NimBLE_GATT_Server: Ensured upload.txt exists[0m
[0;32mI (490) BTDM_INIT: BT controller compile version [20b459d][0m
[0;32mI (500) BTDM_INIT: Bluetooth MAC: 14:2b:2f:da:dc:5e[0m
[0;32mI (500) phy_init: phy_version 4840,02e0d70,Sep  2 2024,19:39:07[0m

Success!
Guru Meditation Error: Core  0 panic'ed (LoadProhibited). Exception was unhandled.

Core  0 register dump:
PC      : 0x400efe51  PS      : 0x00060030  A0      : 0x800f034a  A1      : 0x3ffcca80  
A2      : 0x9078d326  A3      : 0x00000000  A4      : 0x00000000  A5      : 0x3ffccbd0  
A6      : 0x3ffc5968  A7      : 0x3ffb6708  A8      : 0x800f0b10  A9      : 0x3ffcca40  
A10     : 0x00000000  A11     : 0x3ffccb68  A12     : 0x00000020  A13     : 0x3ffccdf4  
A14     : 0x3f420000  A15     : 0x00030a90  SAR     : 0x0000001c  EXCCAUSE: 0x0000001c  
EXCVADDR: 0x9078d332  LBEG    : 0x4000c2e0  LEND    : 0x4000c2f6  LCOUNT  : 0xffffffff  


Backtrace: 0x400efe4e:0x3ffcca80 0x400f0347:0x3ffccbb0 0x400d81c7:0x3ffccbd0 0x400904c9:0x3ffccc00




ELF file SHA256: 03b413751

Rebooting...
ets Jul 29 2019 12:21:46

rst:0xc (SW_CPU_RESET),boot:0x13 (SPI_FAST_FLASH_BOOT)
configsip: 0, SPIWP:0xee
clk_drv:0x00,q_drv:0x00,d_drv:0x00,cs0_drv:0x00,hd_drv:0x00,wp_drv:0x00
mode:DIO, clock div:2
load:0x3fff0030,len:6584
load:0x40078000,len:16116
load:0x40080400,len:4
load:0x40080404,len:4708
entry 0x400806a8
[0;32mI (29) boot: ESP-IDF v5.4-dirty 2nd stage bootloader[0m
[0;32mI (29) boot: compile time Apr 13 2025 20:11:59[0m
[0;32mI (29) boot: Multicore bootloader[0m
[0;32mI (31) boot: chip revision: v3.1[0m
[0;32mI (34) boot.esp32: SPI Speed      : 40MHz[0m
[0;32mI (38) boot.esp32: SPI Mode       : DIO[0m
[0;32mI (41) boot.esp32: SPI Flash Size : 4MB[0m
[0;32mI (45) boot: Enabling RNG early entropy source...[0m
[0;32mI (49) boot: Partition Table:[0m
[0;32mI (52) boot: ## Label            Usage          Type ST Offset   Length[0m
[0;32mI (58) boot:  0 nvs              WiFi data        01 02 00009000 00006000[0m
[0;32mI (65) boot:  1 phy_init         RF data          01 01 0000f000 00001000[0m
[0;32mI (71) boot:  2 factory          factory app      00 00 00010000 00100000[0m
[0;32mI (78) boot:  3 ota_0            OTA app          00 10 00110000 00100000[0m
[0;32mI (84) boot:  4 ota_1            OTA app          00 11 00210000 00100000[0m
[0;32mI (91) boot:  5 otadata          OTA data         01 00 00310000 00002000[0m
[0;32mI (97) boot:  6 spiffs           Unknown data     01 82 00312000 00050000[0m
[0;32mI (104) boot: End of partition table[0m
[0;32mI (107) boot: Defaulting to factory image[0m
[0;32mI (111) esp_image: segment 0: paddr=00010020 vaddr=3f400020 size=123c4h ( 74692) map[0m
[0;32mI (144) esp_image: segment 1: paddr=000223ec vaddr=3ff80000 size=0001ch (    28) load[0m
[0;32mI (144) esp_image: segment 2: paddr=00022410 vaddr=3ffbdb60 size=04d60h ( 19808) load[0m
[0;32mI (155) esp_image: segment 3: paddr=00027178 vaddr=40080000 size=08ea0h ( 36512) load[0m
[0;32mI (170) esp_image: segment 4: paddr=00030020 vaddr=400d0020 size=5b4e0h (373984) map[0m
[0;32mI (298) esp_image: segment 5: paddr=0008b508 vaddr=40088ea0 size=0ebech ( 60396) load[0m
[0;32mI (333) boot: Loaded app from partition at offset 0x10000[0m
[0;32mI (333) boot: Disabling RNG early entropy source...[0m
[0;32mI (343) cpu_start: Multicore app[0m
[0;32mI (352) cpu_start: Pro cpu start user code[0m
[0;32mI (352) cpu_start: cpu freq: 160000000 Hz[0m
[0;32mI (352) app_init: Application information:[0m
[0;32mI (352) app_init: Project name:     nimble_gatt_server[0m
[0;32mI (357) app_init: App version:      1[0m
[0;32mI (360) app_init: Compile time:     Apr 13 2025 20:12:01[0m
[0;32mI (365) app_init: ELF file SHA256:  03b413751...[0m
[0;32mI (369) app_init: ESP-IDF:          v5.4-dirty[0m
[0;32mI (374) efuse_init: Min chip rev:     v0.0[0m
[0;32mI (377) efuse_init: Max chip rev:     v3.99 [0m
[0;32mI (381) efuse_init: Chip rev:         v3.1[0m
[0;32mI (386) heap_init: Initializing. RAM available for dynamic allocation:[0m
[0;32mI (392) heap_init: At 3FFAFF10 len 000000F0 (0 KiB): DRAM[0m
[0;32mI (397) heap_init: At 3FFB6388 len 00001C78 (7 KiB): DRAM[0m
[0;32mI (402) heap_init: At 3FFB9A20 len 00004108 (16 KiB): DRAM[0m
[0;32mI (407) heap_init: At 3FFC5968 len 0001A698 (105 KiB): DRAM[0m
[0;32mI (412) heap_init: At 3FFE0440 len 00003AE0 (14 KiB): D/IRAM[0m
[0;32mI (418) heap_init: At 3FFE4350 len 0001BCB0 (111 KiB): D/IRAM[0m
[0;32mI (423) heap_init: At 40097A8C len 00008574 (33 KiB): IRAM[0m
[0;32mI (430) spi_flash: detected chip: generic[0m
[0;32mI (432) spi_flash: flash io: dio[0m
[0;32mI (436) coexist: coex firmware version: 49a8cdc[0m
[0;32mI (440) main_task: Started on CPU0[0m
[0;32mI (450) main_task: Calling app_main()[0m
[0;32mI (450) NimBLE_GATT_Server: example configured to blink gpio led![0m
[0;32mI (450) gpio: GPIO[13]| InputEn: 0| OutputEn: 0| OpenDrain: 0| Pullup: 1| Pulldown: 0| Intr:0 [0m
[0;32mI (480) NimBLE_GATT_Server: SPIFFS mounted. Total: 293921 bytes, Used: 251 bytes[0m
[0;32mI (480) NimBLE_GATT_Server: Ensured upload.txt exists[0m
[0;32mI (490) BTDM_INIT: BT controller compile version [20b459d][0m
[0;32mI (500) BTDM_INIT: Bluetooth MAC: 14:2b:2f:da:dc:5e[0m
[0;32mI (500) phy_init: phy_version 4840,02e0d70,Sep  2 2024,19:39:07[0m

Success!
Guru Meditation Error: Core  0 panic'ed (LoadProhibited). Exception was unhandled.

Core  0 register dump:
PC      : 0x400efe51  PS      : 0x00060030  A0      : 0x800f034a  A1      : 0x3ffcca80  
A2      : 0x9078d326  A3      : 0x00000000  A4      : 0x00000000  A5      : 0x3ffccbd0  
A6      : 0x3ffc5968  A7      : 0x3ffb6708  A8      : 0x800f0b10  A9      : 0x3ffcca40  
A10     : 0x00000000  A11     : 0x3ffccb68  A12     : 0x00000020  A13     : 0x3ffccdf4  
A14     : 0x3f420000  A15     : 0x00030a90  SAR     : 0x0000001c  EXCCAUSE: 0x0000001c  
EXCVADDR: 0x9078d332  LBEG    : 0x4000c2e0  LEND    : 0x4000c2f6  LCOUNT  : 0xffffffff  


Backtrace: 0x400efe4e:0x3ffcca80 0x400f0347:0x3ffccbb0 0x400d81c7:0x3ffccbd0 0x400904c9:0x3ffccc00




ELF file SHA256: 03b413751

Rebooting...
ets Jul 29 2019 12:21:46

rst:0xc (SW_CPU_RESET),boot:0x13 (SPI_FAST_FLASH_BOOT)
configsip: 0, SPIWP:0xee
clk_drv:0x00,q_drv:0x00,d_drv:0x00,cs0_drv:0x00,hd_drv:0x00,wp_drv:0x00
mode:DIO, clock div:2
load:0x3fff0030,len:6584
load:0x40078000,len:16116
load:0x40080400,len:4
load:0x40080404,len:4708
entry 0x400806a8
[0;32mI (29) boot: ESP-IDF v5.4-dirty 2nd stage bootloader[0m
[0;32mI (29) boot: compile time Apr 13 2025 20:11:59[0m
[0;32mI (29) boot: Multicore bootloader[0m
[0;32mI (31) boot: chip revision: v3.1[0m
[0;32mI (34) boot.esp32: SPI Speed      : 40MHz[0m
[0;32mI (38) boot.esp32: SPI Mode       : DIO[0m
[0;32mI (41) boot.esp32: SPI Flash Size : 4MB[0m
[0;32mI (45) boot: Enabling RNG early entropy source...[0m
[0;32mI (49) boot: Partition Table:[0m
[0;32mI (52) boot: ## Label            Usage          Type ST Offset   Length[0m
[0;32mI (58) boot:  0 nvs              WiFi data        01 02 00009000 00006000[0m
[0;32mI (65) boot:  1 phy_init         RF data          01 01 0000f000 00001000[0m
[0;32mI (71) boot:  2 factory          factory app      00 00 00010000 00100000[0m
[0;32mI (78) boot:  3 ota_0            OTA app          00 10 00110000 00100000[0m
[0;32mI (84) boot:  4 ota_1            OTA app          00 11 00210000 00100000[0m
[0;32mI (91) boot:  5 otadata          OTA data         01 00 00310000 00002000[0m
[0;32mI (97) boot:  6 spiffs           Unknown data     01 82 00312000 00050000[0m
[0;32mI (104) boot: End of partition table[0m
[0;32mI (107) boot: Defaulting to factory image[0m
[0;32mI (111) esp_image: segment 0: paddr=00010020 vaddr=3f400020 size=123c4h ( 74692) map[0m
[0;32mI (144) esp_image: segment 1: paddr=000223ec vaddr=3ff80000 size=0001ch (    28) load[0m
[0;32mI (144) esp_image: segment 2: paddr=00022410 vaddr=3ffbdb60 size=04d60h ( 19808) load[0m
[0;32mI (155) esp_image: segment 3: paddr=00027178 vaddr=40080000 size=08ea0h ( 36512) load[0m
[0;32mI (170) esp_image: segment 4: paddr=00030020 vaddr=400d0020 size=5b4e0h (373984) map[0m
[0;32mI (298) esp_image: segment 5: paddr=0008b508 vaddr=40088ea0 size=0ebech ( 60396) load[0m
[0;32mI (333) boot: Loaded app from partition at offset 0x10000[0m
[0;32mI (333) boot: Disabling RNG early entropy source...[0m
[0;32mI (343) cpu_start: Multicore app[0m
[0;32mI (352) cpu_start: Pro cpu start user code[0m
[0;32mI (352) cpu_start: cpu freq: 160000000 Hz[0m
[0;32mI (352) app_init: Application information:[0m
[0;32mI (352) app_init: Project name:     nimble_gatt_server[0m
[0;32mI (357) app_init: App version:      1[0m
[0;32mI (360) app_init: Compile time:     Apr 13 2025 20:12:01[0m
[0;32mI (365) app_init: ELF file SHA256:  03b413751...[0m
[0;32mI (369) app_init: ESP-IDF:          v5.4-dirty[0m
[0;32mI (374) efuse_init: Min chip rev:     v0.0[0m
[0;32mI (377) efuse_init: Max chip rev:     v3.99 [0m
[0;32mI (381) efuse_init: Chip rev:         v3.1[0m
[0;32mI (386) heap_init: Initializing. RAM available for dynamic allocation:[0m
[0;32mI (392) heap_init: At 3FFAFF10 len 000000F0 (0 KiB): DRAM[0m
[0;32mI (397) heap_init: At 3FFB6388 len 00001C78 (7 KiB): DRAM[0m
[0;32mI (402) heap_init: At 3FFB9A20 len 00004108 (16 KiB): DRAM[0m
[0;32mI (407) heap_init: At 3FFC5968 len 0001A698 (105 KiB): DRAM[0m
[0;32mI (412) heap_init: At 3FFE0440 len 00003AE0 (14 KiB): D/IRAM[0m
[0;32mI (418) heap_init: At 3FFE4350 len 0001BCB0 (111 KiB): D/IRAM[0m
[0;32mI (423) heap_init: At 40097A8C len 00008574 (33 KiB): IRAM[0m
[0;32mI (430) spi_flash: detected chip: generic[0m
[0;32mI (432) spi_flash: flash io: dio[0m
[0;32mI (436) coexist: coex firmware version: 49a8cdc[0m
[0;32mI (440) main_task: Started on CPU0[0m
[0;32mI (450) main_task: Calling app_main()[0m
I (450) NimBLE_GATT_Server: example configured to blink gpio led!
[0;32mI (450) gpio: GPIO[13]| InputEn: 0| OutputEn: 0| OpenDrain: 0| Pullup: 1| Pulldown: 0| Intr:0 [0m
[0;32mI (480) NimBLE_GATT_Server: SPIFFS mounted. Total: 293921 bytes, Used: 251 bytes[0m
[0;32mI (480) NimBLE_GATT_Server: Ensured upload.txt exists[0m
[0;32mI (490) BTDM_INIT: BT controller compile version [20b459d][0m
[0;32mI (500) BTDM_INIT: Bluetooth MAC: 14:2b:2f:da:dc:5e[0m
[0;32mI (500) phy_init: phy_version 4840,02e0d70,Sep  2 2024,19:39:07[0m

Success!
Guru Meditation Error: Core  0 panic'ed (LoadProhibited). Exception was unhandled.

Core  0 register dump:
PC      : 0x400efe51  PS      : 0x00060030  A0      : 0x800f034a  A1      : 0x3ffcca80  
A2      : 0x9078d326  A3      : 0x00000000  A4      : 0x00000000  A5      : 0x3ffccbd0  
A6      : 0x3ffc5968  A7      : 0x3ffb6708  A8      : 0x800f0b10  A9      : 0x3ffcca40  
A10     : 0x00000000  A11     : 0x3ffccb68  A12     : 0x00000020  A13     : 0x3ffccdf4  
A14     : 0x3f420000  A15     : 0x00030a90  SAR     : 0x0000001c  EXCCAUSE: 0x0000001c  
EXCVADDR: 0x9078d332  LBEG    : 0x4000c2e0  LEND    : 0x4000c2f6  LCOUNT  : 0xffffffff  


Backtrace: 0x400efe4e:0x3ffcca80 0x400f0347:0x3ffccbb0 0x400d81c7:0x3ffccbd0 0x400904c9:0x3ffccc00




ELF file SHA256: 03b413751

Rebooting...
ets Jul 29 2019 12:21:46

rst:0xc (SW_CPU_RESET),boot:0x13 (SPI_FAST_FLASH_BOOT)
configsip: 0, SPIWP:0xee
clk_drv:0x00,q_drv:0x00,d_drv:0x00,cs0_drv:0x00,hd_drv:0x00,wp_drv:0x00
mode:DIO, clock div:2
load:0x3fff0030,len:6584
load:0x40078000,len:16116
load:0x40080400,len:4
load:0x40080404,len:4708
entry 0x400806a8
[0;32mI (29) boot: ESP-IDF v5.4-dirty 2nd stage bootloader[0m
[0;32mI (29) boot: compile time Apr 13 2025 20:11:59[0m
[0;32mI (29) boot: Multicore bootloader[0m
[0;32mI (31) boot: chip revision: v3.1[0m
[0;32mI (34) boot.esp32: SPI Speed      : 40MHz[0m
[0;32mI (38) boot.esp32: SPI Mode       : DIO[0m
[0;32mI (41) boot.esp32: SPI Flash Size : 4MB[0m
[0;32mI (45) boot: Enabling RNG early entropy source...[0m
[0;32mI (49) boot: Partition Table:[0m
[0;32mI (52) boot: ## Label            Usage          Type ST Offset   Length[0m
[0;32mI (58) boot:  0 nvs              WiFi data        01 02 00009000 00006000[0m
[0;32mI (65) boot:  1 phy_init         RF data          01 01 0000f000 00001000[0m
[0;32mI (71) boot:  2 factory          factory app      00 00 00010000 00100000[0m
[0;32mI (78) boot:  3 ota_0            OTA app          00 10 00110000 00100000[0m
[0;32mI (84) boot:  4 ota_1            OTA app          00 11 00210000 00100000[0m
[0;32mI (91) boot:  5 otadata          OTA data         01 00 00310000 00002000[0m
[0;32mI (97) boot:  6 spiffs           Unknown data     01 82 00312000 00050000[0m
[0;32mI (104) boot: End of partition table[0m
[0;32mI (107) boot: Defaulting to factory image[0m
[0;32mI (111) esp_image: segment 0: paddr=00010020 vaddr=3f400020 size=123c4h ( 74692) map[0m
[0;32mI (144) esp_image: segment 1: paddr=000223ec vaddr=3ff80000 size=0001ch (    28) load[0m
[0;32mI (144) esp_image: segment 2: paddr=00022410 vaddr=3ffbdb60 size=04d60h ( 19808) load[0m
[0;32mI (155) esp_image: segment 3: paddr=00027178 vaddr=40080000 size=08ea0h ( 36512) load[0m
[0;32mI (170) esp_image: segment 4: paddr=00030020 vaddr=400d0020 size=5b4e0h (373984) map[0m
[0;32mI (298) esp_image: segment 5: paddr=0008b508 vaddr=40088ea0 size=0ebech ( 60396) load[0m
[0;32mI (333) boot: Loaded app from partition at offset 0x10000[0m
[0;32mI (333) boot: Disabling RNG early entropy source...[0m
[0;32mI (343) cpu_start: Multicore app[0m
[0;32mI (352) cpu_start: Pro cpu start user code[0m
[0;32mI (352) cpu_start: cpu freq: 160000000 Hz[0m
[0;32mI (352) app_init: Application information:[0m
[0;32mI (352) app_init: Project name:     nimble_gatt_server[0m
[0;32mI (357) app_init: App version:      1[0m
[0;32mI (360) app_init: Compile time:     Apr 13 2025 20:12:01[0m
[0;32mI (365) app_init: ELF file SHA256:  03b413751...[0m
[0;32mI (369) app_init: ESP-IDF:          v5.4-dirty[0m
[0;32mI (374) efuse_init: Min chip rev:     v0.0[0m
[0;32mI (377) efuse_init: Max chip rev:     v3.99 [0m
[0;32mI (381) efuse_init: Chip rev:         v3.1[0m
[0;32mI (386) heap_init: Initializing. RAM available for dynamic allocation:[0m
[0;32mI (392) heap_init: At 3FFAFF10 len 000000F0 (0 KiB): DRAM[0m
[0;32mI (397) heap_init: At 3FFB6388 len 00001C78 (7 KiB): DRAM[0m
[0;32mI (402) heap_init: At 3FFB9A20 len 00004108 (16 KiB): DRAM[0m
[0;32mI (407) heap_init: At 3FFC5968 len 0001A698 (105 KiB): DRAM[0m
[0;32mI (412) heap_init: At 3FFE0440 len 00003AE0 (14 KiB): D/IRAM[0m
[0;32mI (418) heap_init: At 3FFE4350 len 0001BCB0 (111 KiB): D/IRAM[0m
[0;32mI (423) heap_init: At 40097A8C len 00008574 (33 KiB): IRAM[0m
[0;32mI (430) spi_flash: detected chip: generic[0m
[0;32mI (432) spi_flash: flash io: dio[0m
[0;32mI (436) coexist: coex firmware version: 49a8cdc[0m
[0;32mI (440) main_task: Started on CPU0[0m
[0;32mI (450) main_task: Calling app_main()[0m
[0;32mI (450) NimBLE_GATT_Server: example configured to blink gpio led![0m
[0;32mI (450) gpio: GPIO[13]| InputEn: 0| OutputEn: 0| OpenDrain: 0| Pullup: 1| Pulldown: 0| Intr:0 [0m
[0;32mI (480) NimBLE_GATT_Server: SPIFFS mounted. Total: 293921 bytes, Used: 251 bytes[0m
[0;32mI (480) NimBLE_GATT_Server: Ensured upload.txt exists[0m
[0;32mI (490) BTDM_INIT: BT controller compile version [20b459d][0m
[0;32mI (500) BTDM_INIT: Bluetooth MAC: 14:2b:2f:da:dc:5e[0m
[0;32mI (500) phy_init: phy_version 4840,02e0d70,Sep  2 2024,19:39:07[0m

Success!
Guru Meditation Error: Core  0 panic'ed (LoadProhibited). Exception was unhandled.

Core  0 register dump:
PC      : 0x400efe51  PS      : 0x00060030  A0      : 0x800f034a  A1      : 0x3ffcca80  
A2      : 0x9078d326  A3      : 0x00000000  A4      : 0x00000000  A5      : 0x3ffccbd0  
A6      : 0x3ffc5968  A7      : 0x3ffb6708  A8      : 0x800f0b10  A9      : 0x3ffcca40  
A10     : 0x00000000  A11     : 0x3ffccb68  A12     : 0x00000020  A13     : 0x3ffccdf4  
A14     : 0x3f420000  A15     : 0x00030a90  SAR     : 0x0000001c  EXCCAUSE: 0x0000001c  
EXCVADDR: 0x9078d332  LBEG    : 0x4000c2e0  LEND    : 0x4000c2f6  LCOUNT  : 0xffffffff  


Backtrace: 0x400efe4e:0x3ffcca80 0x400f0347:0x3ffccbb0 0x400d81c7:0x3ffccbd0 0x400904c9:0x3ffccc00




ELF file SHA256: 03b413751

Rebooting...
ets Jul 29 2019 12:21:46

rst:0xc (SW_CPU_RESET),boot:0x13 (SPI_FAST_FLASH_BOOT)
configsip: 0, SPIWP:0xee
clk_drv:0x00,q_drv:0x00,d_drv:0x00,cs0_drv:0x00,hd_drv:0x00,wp_drv:0x00
mode:DIO, clock div:2
load:0x3fff0030,len:6584
load:0x40078000,len:16116
load:0x40080400,len:4
load:0x40080404,len:4708
entry 0x400806a8
[0;32mI (29) boot: ESP-IDF v5.4-dirty 2nd stage bootloader[0m
[0;32mI (29) boot: compile time Apr 13 2025 20:11:59[0m
[0;32mI (29) boot: Multicore bootloader[0m
[0;32mI (31) boot: chip revision: v3.1[0m
[0;32mI (34) boot.esp32: SPI Speed      : 40MHz[0m
[0;32mI (38) boot.esp32: SPI Mode       : DIO[0m
[0;32mI (41) boot.esp32: SPI Flash Size : 4MB[0m
[0;32mI (45) boot: Enabling RNG early entropy source...[0m
[0;32mI (49) boot: Partition Table:[0m
[0;32mI (52) boot: ## Label            Usage          Type ST Offset   Length[0m
[0;32mI (58) boot:  0 nvs              WiFi data        01 02 00009000 00006000[0m
[0;32mI (65) boot:  1 phy_init         RF data          01 01 0000f000 00001000[0m
[0;32mI (71) boot:  2 factory          factory app      00 00 00010000 00100000[0m
[0;32mI (78) boot:  3 ota_0            OTA app          00 10 00110000 00100000[0m
[0;32mI (84) boot:  4 ota_1            OTA app          00 11 00210000 00100000[0m
[0;32mI (91) boot:  5 otadata          OTA data         01 00 00310000 00002000[0m
[0;32mI (97) boot:  6 spiffs           Unknown data     01 82 00312000 00050000[0m
[0;32mI (104) boot: End of partition table[0m
[0;32mI (107) boot: Defaulting to factory image[0m
[0;32mI (111) esp_image: segment 0: paddr=00010020 vaddr=3f400020 size=123c4h ( 74692) map[0m
[0;32mI (144) esp_image: segment 1: paddr=000223ec vaddr=3ff80000 size=0001ch (    28) load[0m
[0;32mI (144) esp_image: segment 2: paddr=00022410 vaddr=3ffbdb60 size=04d60h ( 19808) load[0m
[0;32mI (155) esp_image: segment 3: paddr=00027178 vaddr=40080000 size=08ea0h ( 36512) load[0m
[0;32mI (170) esp_image: segment 4: paddr=00030020 vaddr=400d0020 size=5b4e0h (373984) map[0m
[0;32mI (298) esp_image: segment 5: paddr=0008b508 vaddr=40088ea0 size=0ebech ( 60396) load[0m
[0;32mI (333) boot: Loaded app from partition at offset 0x10000[0m
[0;32mI (333) boot: Disabling RNG early entropy source...[0m
[0;32mI (343) cpu_start: Multicore app[0m
[0;32mI (352) cpu_start: Pro cpu start user code[0m
[0;32mI (352) cpu_start: cpu freq: 160000000 Hz[0m
[0;32mI (352) app_init: Application information:[0m
[0;32mI (352) app_init: Project name:     nimble_gatt_server[0m
[0;32mI (357) app_init: App version:      1[0m
[0;32mI (360) app_init: Compile time:     Apr 13 2025 20:12:01[0m
[0;32mI (365) app_init: ELF file SHA256:  03b413751...[0m
[0;32mI (369) app_init: ESP-IDF:          v5.4-dirty[0m
[0;32mI (374) efuse_init: Min chip rev:     v0.0[0m
[0;32mI (377) efuse_init: Max chip rev:     v3.99 [0m
[0;32mI (381) efuse_init: Chip rev:         v3.1[0m
[0;32mI (386) heap_init: Initializing. RAM available for dynamic allocation:[0m
[0;32mI (392) heap_init: At 3FFAFF10 len 000000F0 (0 KiB): DRAM[0m
[0;32mI (397) heap_init: At 3FFB6388 len 00001C78 (7 KiB): DRAM[0m
[0;32mI (402) heap_init: At 3FFB9A20 len 00004108 (16 KiB): DRAM[0m
[0;32mI (407) heap_init: At 3FFC5968 len 0001A698 (105 KiB): DRAM[0m
[0;32mI (412) heap_init: At 3FFE0440 len 00003AE0 (14 KiB): D/IRAM[0m
[0;32mI (418) heap_init: At 3FFE4350 len 0001BCB0 (111 KiB): D/IRAM[0m
[0;32mI (423) heap_init: At 40097A8C len 00008574 (33 KiB): IRAM[0m
[0;32mI (430) spi_flash: detected chip: generic[0m
[0;32mI (432) spi_flash: flash io: dio[0m
[0;32mI (436) coexist: coex firmware version: 49a8cdc[0m
[0;32mI (440) main_task: Started on CPU0[0m
[0;32mI (450) main_task: Calling app_main()[0m
[0;32mI (450) NimBLE_GATT_Server: example configured to blink gpio led![0m
[0;32mI (450) gpio: GPIO[13]| InputEn: 0| OutputEn: 0| OpenDrain: 0| Pullup: 1| Pulldown: 0| Intr:0 [0m
[0;32mI (480) NimBLE_GATT_Server: SPIFFS mounted. Total: 293921 bytes, Used: 251 bytes[0m
[0;32mI (480) NimBLE_GATT_Server: Ensured upload.txt exists[0m
[0;32mI (490) BTDM_INIT: BT controller compile version [20b459d][0m
[0;32mI (500) BTDM_INIT: Bluetooth MAC: 14:2b:2f:da:dc:5e[0m
[0;32mI (500) phy_init: phy_version 4840,02e0d70,Sep  2 2024,19:39:07[0m

Success!
Guru Meditation Error: Core  0 panic'ed (LoadProhibited). Exception was unhandled.

Core  0 register dump:
PC      : 0x400efe51  PS      : 0x00060030  A0      : 0x800f034a  A1      : 0x3ffcca80  
A2      : 0x9078d326  A3      : 0x00000000  A4      : 0x00000000  A5      : 0x3ffccbd0  
A6      : 0x3ffc5968  A7      : 0x3ffb6708  A8      : 0x800f0b10  A9      : 0x3ffcca40  
A10     : 0x00000000  A11     : 0x3ffccb68  A12     : 0x00000020  A13     : 0x3ffccdf4  
A14     : 0x3f420000  A15     : 0x00030a90  SAR     : 0x0000001c  EXCCAUSE: 0x0000001c  
EXCVADDR: 0x9078d332  LBEG    : 0x4000c2e0  LEND    : 0x4000c2f6  LCOUNT  : 0xffffffff  


Backtrace: 0x400efe4e:0x3ffcca80 0x400f0347:0x3ffccbb0 0x400d81c7:0x3ffccbd0 0x400904c9:0x3ffccc00




ELF file SHA256: 03b413751

Rebooting...
ets Jul 29 2019 12:21:46

rst:0xc (SW_CPU_RESET),boot:0x13 (SPI_FAST_FLASH_BOOT)
configsip: 0, SPIWP:0xee
clk_drv:0x00,q_drv:0x00,d_drv:0x00,cs0_drv:0x00,hd_drv:0x00,wp_drv:0x00
mode:DIO, clock div:2
load:0x3fff0030,len:6584
load:0x40078000,len:16116
load:0x40080400,len:4
load:0x40080404,len:4708
entry 0x400806a8
[0;32mI (29) boot: ESP-IDF v5.4-dirty 2nd stage bootloader[0m
[0;32mI (29) boot: compile time Apr 13 2025 20:11:59[0m
[0;32mI (29) boot: Multicore bootloader[0m
[0;32mI (31) boot: chip revision: v3.1[0m
[0;32mI (34) boot.esp32: SPI Speed      : 40MHz[0m
[0;32mI (38) boot.esp32: SPI Mode       : DIO[0m
[0;32mI (41) boot.esp32: SPI Flash Size : 4MB[0m
[0;32mI (45) boot: Enabling RNG early entropy source...[0m
[0;32mI (49) boot: Partition Table:[0m
[0;32mI (52) boot: ## Label            Usage          Type ST Offset   Length[0m
[0;32mI (58) boot:  0 nvs              WiFi data        01 02 00009000 00006000[0m
[0;32mI (65) boot:  1 phy_init         RF data          01 01 0000f000 00001000[0m
[0;32mI (71) boot:  2 factory          factory app      00 00 00010000 00100000[0m
[0;32mI (78) boot:  3 ota_0            OTA app          00 10 00110000 00100000[0m
[0;32mI (84) boot:  4 ota_1            OTA app          00 11 00210000 00100000[0m
[0;32mI (91) boot:  5 otadata          OTA data         01 00 00310000 00002000[0m
[0;32mI (97) boot:  6 spiffs           Unknown data     01 82 00312000 00050000[0m
[0;32mI (104) boot: End of partition table[0m
[0;32mI (107) boot: Defaulting to factory image[0m
[0;32mI (111) esp_image: segment 0: paddr=00010020 vaddr=3f400020 size=123c4h ( 74692) map[0m
[0;32mI (144) esp_image: segment 1: paddr=000223ec vaddr=3ff80000 size=0001ch (    28) load[0m
[0;32mI (144) esp_image: segment 2: paddr=00022410 vaddr=3ffbdb60 size=04d60h ( 19808) load[0m
[0;32mI (155) esp_image: segment 3: paddr=00027178 vaddr=40080000 size=08ea0h ( 36512) load[0m
[0;32mI (170) esp_image: segment 4: paddr=00030020 vaddr=400d0020 size=5b4e0h (373984) map[0m
[0;32mI (298) esp_image: segment 5: paddr=0008b508 vaddr=40088ea0 size=0ebech ( 60396) load[0m
[0;32mI (333) boot: Loaded app from partition at offset 0x10000[0m
[0;32mI (333) boot: Disabling RNG early entropy source...[0m
[0;32mI (343) cpu_start: Multicore app[0m
[0;32mI (352) cpu_start: Pro cpu start user code[0m
[0;32mI (352) cpu_start: cpu freq: 160000000 Hz[0m
[0;32mI (352) app_init: Application information:[0m
[0;32mI (352) app_init: Project name:     nimble_gatt_server[0m
[0;32mI (357) app_init: App version:      1[0m
[0;32mI (360) app_init: Compile time:     Apr 13 2025 20:12:01[0m
[0;32mI (365) app_init: ELF file SHA256:  03b413751...[0m
[0;32mI (369) app_init: ESP-IDF:          v5.4-dirty[0m
[0;32mI (374) efuse_init: Min chip rev:     v0.0[0m
[0;32mI (377) efuse_init: Max chip rev:     v3.99 [0m
[0;32mI (381) efuse_init: Chip rev:         v3.1[0m
[0;32mI (386) heap_init: Initializing. RAM available for dynamic allocation:[0m
[0;32mI (392) heap_init: At 3FFAFF10 len 000000F0 (0 KiB): DRAM[0m
[0;32mI (397) heap_init: At 3FFB6388 len 00001C78 (7 KiB): DRAM[0m
[0;32mI (402) heap_init: At 3FFB9A20 len 00004108 (16 KiB): DRAM[0m
[0;32mI (407) heap_init: At 3FFC5968 len 0001A698 (105 KiB): DRAM[0m
[0;32mI (412) heap_init: At 3FFE0440 len 00003AE0 (14 KiB): D/IRAM[0m
[0;32mI (418) heap_init: At 3FFE4350 len 0001BCB0 (111 KiB): D/IRAM[0m
[0;32mI (423) heap_init: At 40097A8C len 00008574 (33 KiB): IRAM[0m
[0;32mI (430) spi_flash: detected chip: generic[0m
[0;32mI (432) spi_flash: flash io: dio[0m
[0;32mI (436) coexist: coex firmware version: 49a8cdc[0m
